###############################################################################
#
# IAR ELF Linker V8.20.2.14835/W32 for ARM                01/Mar/2018  18:50:35
# Copyright 2007-2017 IAR Systems AB.
#
#    Output file  =  
#        C:\Users\Ag\Documents\GitHub\Thermometer-on-STM32F3-Discovery\EWARM\lab2-cube32mx\Exe\lab2-cube32mx.out
#    Map file     =  
#        C:\Users\Ag\Documents\GitHub\Thermometer-on-STM32F3-Discovery\EWARM\lab2-cube32mx\List\lab2-cube32mx.map
#    Command line =  
#        -f C:\Users\Ag\AppData\Local\Temp\EW8376.tmp
#        (C:\Users\Ag\Documents\GitHub\Thermometer-on-STM32F3-Discovery\EWARM\lab2-cube32mx\Obj\crc.o
#        C:\Users\Ag\Documents\GitHub\Thermometer-on-STM32F3-Discovery\EWARM\lab2-cube32mx\Obj\gpio.o
#        C:\Users\Ag\Documents\GitHub\Thermometer-on-STM32F3-Discovery\EWARM\lab2-cube32mx\Obj\main.o
#        C:\Users\Ag\Documents\GitHub\Thermometer-on-STM32F3-Discovery\EWARM\lab2-cube32mx\Obj\spi.o
#        C:\Users\Ag\Documents\GitHub\Thermometer-on-STM32F3-Discovery\EWARM\lab2-cube32mx\Obj\startup_stm32f303xc.o
#        C:\Users\Ag\Documents\GitHub\Thermometer-on-STM32F3-Discovery\EWARM\lab2-cube32mx\Obj\stm32f3xx_hal.o
#        C:\Users\Ag\Documents\GitHub\Thermometer-on-STM32F3-Discovery\EWARM\lab2-cube32mx\Obj\stm32f3xx_hal_cortex.o
#        C:\Users\Ag\Documents\GitHub\Thermometer-on-STM32F3-Discovery\EWARM\lab2-cube32mx\Obj\stm32f3xx_hal_crc.o
#        C:\Users\Ag\Documents\GitHub\Thermometer-on-STM32F3-Discovery\EWARM\lab2-cube32mx\Obj\stm32f3xx_hal_crc_ex.o
#        C:\Users\Ag\Documents\GitHub\Thermometer-on-STM32F3-Discovery\EWARM\lab2-cube32mx\Obj\stm32f3xx_hal_dma.o
#        C:\Users\Ag\Documents\GitHub\Thermometer-on-STM32F3-Discovery\EWARM\lab2-cube32mx\Obj\stm32f3xx_hal_flash.o
#        C:\Users\Ag\Documents\GitHub\Thermometer-on-STM32F3-Discovery\EWARM\lab2-cube32mx\Obj\stm32f3xx_hal_flash_ex.o
#        C:\Users\Ag\Documents\GitHub\Thermometer-on-STM32F3-Discovery\EWARM\lab2-cube32mx\Obj\stm32f3xx_hal_gpio.o
#        C:\Users\Ag\Documents\GitHub\Thermometer-on-STM32F3-Discovery\EWARM\lab2-cube32mx\Obj\stm32f3xx_hal_i2c.o
#        C:\Users\Ag\Documents\GitHub\Thermometer-on-STM32F3-Discovery\EWARM\lab2-cube32mx\Obj\stm32f3xx_hal_i2c_ex.o
#        C:\Users\Ag\Documents\GitHub\Thermometer-on-STM32F3-Discovery\EWARM\lab2-cube32mx\Obj\stm32f3xx_hal_msp.o
#        C:\Users\Ag\Documents\GitHub\Thermometer-on-STM32F3-Discovery\EWARM\lab2-cube32mx\Obj\stm32f3xx_hal_pwr.o
#        C:\Users\Ag\Documents\GitHub\Thermometer-on-STM32F3-Discovery\EWARM\lab2-cube32mx\Obj\stm32f3xx_hal_pwr_ex.o
#        C:\Users\Ag\Documents\GitHub\Thermometer-on-STM32F3-Discovery\EWARM\lab2-cube32mx\Obj\stm32f3xx_hal_rcc.o
#        C:\Users\Ag\Documents\GitHub\Thermometer-on-STM32F3-Discovery\EWARM\lab2-cube32mx\Obj\stm32f3xx_hal_rcc_ex.o
#        C:\Users\Ag\Documents\GitHub\Thermometer-on-STM32F3-Discovery\EWARM\lab2-cube32mx\Obj\stm32f3xx_hal_spi.o
#        C:\Users\Ag\Documents\GitHub\Thermometer-on-STM32F3-Discovery\EWARM\lab2-cube32mx\Obj\stm32f3xx_hal_spi_ex.o
#        C:\Users\Ag\Documents\GitHub\Thermometer-on-STM32F3-Discovery\EWARM\lab2-cube32mx\Obj\stm32f3xx_hal_tim.o
#        C:\Users\Ag\Documents\GitHub\Thermometer-on-STM32F3-Discovery\EWARM\lab2-cube32mx\Obj\stm32f3xx_hal_tim_ex.o
#        C:\Users\Ag\Documents\GitHub\Thermometer-on-STM32F3-Discovery\EWARM\lab2-cube32mx\Obj\stm32f3xx_hal_uart.o
#        C:\Users\Ag\Documents\GitHub\Thermometer-on-STM32F3-Discovery\EWARM\lab2-cube32mx\Obj\stm32f3xx_hal_uart_ex.o
#        C:\Users\Ag\Documents\GitHub\Thermometer-on-STM32F3-Discovery\EWARM\lab2-cube32mx\Obj\stm32f3xx_it.o
#        C:\Users\Ag\Documents\GitHub\Thermometer-on-STM32F3-Discovery\EWARM\lab2-cube32mx\Obj\system_stm32f3xx.o
#        C:\Users\Ag\Documents\GitHub\Thermometer-on-STM32F3-Discovery\EWARM\lab2-cube32mx\Obj\tim.o
#        C:\Users\Ag\Documents\GitHub\Thermometer-on-STM32F3-Discovery\EWARM\lab2-cube32mx\Obj\usart.o
#        --redirect _Printf=_PrintfFull --redirect _Scanf=_ScanfFull -o
#        C:\Users\Ag\Documents\GitHub\Thermometer-on-STM32F3-Discovery\EWARM\lab2-cube32mx\Exe\lab2-cube32mx.out
#        --map
#        C:\Users\Ag\Documents\GitHub\Thermometer-on-STM32F3-Discovery\EWARM\lab2-cube32mx\List\lab2-cube32mx.map
#        --config
#        C:\Users\Ag\Documents\GitHub\Thermometer-on-STM32F3-Discovery\EWARM/stm32f303xc_flash.icf
#        --semihosting --entry __iar_program_start --vfe --text_out locale)
#
###############################################################################

*******************************************************************************
*** RUNTIME MODEL ATTRIBUTES
***

CppFlavor       = *
__Heap_Handler  = Basic
__SystemLibrary = DLib
__dlib_version  = 6


*******************************************************************************
*** HEAP SELECTION
***

The basic heap was selected because some modules are built with
size limitations (and not runtime checking), and --advanced_heap
was not specified.


*******************************************************************************
*** PLACEMENT SUMMARY
***

"A0":  place at 0x08000000 { ro section .intvec };
"P1":  place in [from 0x08000000 to 0x0803ffff] { ro };
define block CSTACK with size = 1K, alignment = 8 { };
define block HEAP with size = 512, alignment = 8 { };
"P2":  place in [from 0x20000000 to 0x20009fff] {
          rw, block CSTACK, block HEAP };
initialize by copy { rw };

  Section            Kind        Address    Size  Object
  -------            ----        -------    ----  ------
"A0":                                      0x188
  .intvec            ro code  0x08000000   0x188  startup_stm32f303xc.o [1]
                            - 0x08000188   0x188

"P1":                                     0x61d7
  .text              ro code  0x08000188   0xf96  xprintffull.o [3]
  .text              ro code  0x0800111e    0x7a  lz77_init_single.o [5]
  .text              ro code  0x08001198    0x78  xlocale_c.o [3]
  .text              ro code  0x08001210    0x16  strchr.o [5]
  .text              ro code  0x08001226    0x1e  xencoding_8859_1.o [3]
  .text              ro code  0x08001244    0x44  xfail_s.o [3]
  .text              ro code  0x08001288    0x36  strlen.o [5]
  .text              ro code  0x080012be     0xa  xsprout.o [3]
  .text              ro code  0x080012c8    0x58  memchr.o [5]
  .text              ro code  0x08001320     0xa  xmbcurmax.o [3]
  .text              ro code  0x0800132c    0xa6  ABImemcpy.o [5]
  .text              ro code  0x080013d4   0x22e  I64DivMod.o [5]
  .text              ro code  0x08001604   0x1a2  DblMul.o [4]
  .text              ro code  0x080017a8    0x70  frexp.o [4]
  .text              ro code  0x08001818    0x2e  DblCmpLe.o [4]
  .text              ro code  0x08001848    0x2e  DblCmpGe.o [4]
  .text              ro code  0x08001878   0x13a  ldexp.o [4]
  .text              ro code  0x080019b4    0x3a  DblToS32.o [4]
  .text              ro code  0x080019f0    0x22  S32ToDbl.o [4]
  .text              ro code  0x08001a14    0xe2  DblSub.o [4]
  .text              ro code  0x08001af8   0x246  DblDiv.o [4]
  .text              ro code  0x08001d40    0x28  DblToU32.o [4]
  .text              ro code  0x08001d68    0x1a  U32ToDbl.o [4]
  .text              ro code  0x08001d82     0x6  abort.o [3]
  .text              ro code  0x08001d88     0x2  I64DivZer.o [5]
  .text              ro code  0x08001d8c   0x168  DblAdd.o [4]
  .text              ro code  0x08001ef4    0x14  exit.o [6]
  .text              ro code  0x08001f08    0x7c  iarttio.o [6]
  .text              ro code  0x08001f84    0x3c  XShttio.o [3]
  .text              ro code  0x08001fc0   0xac0  stm32f3xx_hal_rcc.o [1]
  .text              ro code  0x08002a80     0xc  stm32f3xx_hal.o [1]
  .text              ro code  0x08002a8c    0x28  stm32f3xx_hal.o [1]
  .text              ro code  0x08002ab4   0x176  stm32f3xx_hal_cortex.o [1]
  .text              ro code  0x08002c2c   0x92c  stm32f3xx_hal_uart.o [1]
  .text              ro code  0x08003558    0xc0  usart.o [1]
  .text              ro code  0x08003618    0x58  stm32f3xx_hal_dma.o [1]
  .text              ro code  0x08003670     0x2  stm32f3xx_hal_uart.o [1]
  .text              ro code  0x08003672     0x2  stm32f3xx_hal_uart_ex.o [1]
  .text              ro code  0x08003674   0x5a6  main.o [1]
  .text              ro code  0x08003c1c   0x20c  stm32f3xx_hal_gpio.o [1]
  .text              ro code  0x08003e28   0x44c  stm32f3xx_hal_spi.o [1]
  .text              ro code  0x08004274    0x1e  stm32f3xx_hal.o [1]
  .text              ro code  0x08004294    0x28  printf.o [3]
  .text              ro code  0x080042bc   0x876  stm32f3xx_hal_tim.o [1]
  .text              ro code  0x08004b34   0x1de  stm32f3xx_hal_crc.o [1]
  .text              ro code  0x08004d14    0x40  sprintf.o [3]
  .text              ro code  0x08004d54    0x28  stm32f3xx_hal.o [1]
  .text              ro code  0x08004d7c   0x20c  gpio.o [1]
  .text              ro code  0x08004f88   0x158  tim.o [1]
  .text              ro code  0x080050e0    0x84  crc.o [1]
  .text              ro code  0x08005164    0xf0  spi.o [1]
  .text              ro code  0x08005254   0x2d4  stm32f3xx_hal_rcc_ex.o [1]
  .text              ro code  0x08005528     0x2  stm32f3xx_hal_tim.o [1]
  .text              ro code  0x0800552a     0x2  stm32f3xx_hal_tim.o [1]
  .text              ro code  0x0800552c     0x2  stm32f3xx_hal_tim.o [1]
  .text              ro code  0x0800552e     0x2  stm32f3xx_hal_tim.o [1]
  .text              ro code  0x08005530     0x2  stm32f3xx_hal_tim_ex.o [1]
  .text              ro code  0x08005532     0x2  stm32f3xx_hal_tim_ex.o [1]
  .text              ro code  0x08005534     0x2  stm32f3xx_hal_tim.o [1]
  .text              ro code  0x08005536     0x2  stm32f3xx_hal_tim_ex.o [1]
  .text              ro code  0x08005538    0x60  stm32f3xx_hal_crc_ex.o [1]
  .text              ro code  0x08005598    0x7c  stm32f3xx_hal_msp.o [1]
  .text              ro code  0x08005614    0x68  stm32f3xx_hal_tim_ex.o [1]
  .text              ro code  0x0800567c   0x140  heap0.o [3]
  .text              ro code  0x080057bc    0x2c  xgetmemchunk.o [3]
  .text              ro code  0x080057e8    0xd8  xfspos.o [3]
  .text              ro code  0x080058c0    0xac  fflush.o [3]
  .text              ro code  0x0800596c     0xc  xfgpos.o [3]
  .text              ro code  0x08005978    0x4a  lseek.o [6]
  .text              ro code  0x080059c2    0x10  write.o [6]
  .text              ro code  0x080059d4    0xcc  XShHandles.o [3]
  .text              ro code  0x08005aa0    0x1e  dwrite.o [6]
  .text              ro code  0x08005abe    0x20  iarwstd.o [6]
  .text              ro code  0x08005ade    0x22  iarwrite.o [6]
  .text              ro code  0x08005b00    0xb4  xfwprep.o [3]
  .text              ro code  0x08005bb4    0x24  fseek.o [3]
  .text              ro code  0x08005bd8    0x98  system_stm32f3xx.o [1]
  .text              ro code  0x08005c70    0x7e  fclose.o [3]
  .text              ro code  0x08005cf0    0x7c  xfofind.o [3]
  .text              ro code  0x08005d6c     0x4  heaptramp0.o [3]
  .text              ro code  0x08005d70    0x18  close.o [6]
  .text              ro code  0x08005d88    0x14  remove.o [6]
  .text              ro code  0x08005d9c    0x54  fputc.o [3]
  .rodata            const    0x08005df0    0x4c  main.o [1]
  .rodata            const    0x08005e3c    0x4c  usart.o [1]
  .rodata            const    0x08005e88    0x48  crc.o [1]
  .rodata            const    0x08005ed0    0x48  spi.o [1]
  .rodata            const    0x08005f18    0x48  tim.o [1]
  .text              ro code  0x08005f60    0x40  zero_init3.o [5]
  .text              ro code  0x08005fa0    0x3c  xcloseall.o [3]
  .rodata            const    0x08005fdc    0x2c  main.o [1]
  .text              ro code  0x08006008    0x2c  stm32f3xx_it.o [1]
  .text              ro code  0x08006034    0x10  stm32f3xx_hal.o [1]
  .text              ro code  0x08006044    0x28  data_init.o [5]
  .text              ro code  0x0800606c    0x22  fpinit_M.o [4]
  .iar.init_table    const    0x08006090    0x20  - Linker created -
  .text              ro code  0x080060b0    0x1e  cmain.o [5]
  .text              ro code  0x080060ce     0x4  low_level_init.o [3]
  .text              ro code  0x080060d2     0x4  exit.o [3]
  .text              ro code  0x080060d8     0xe  cexit.o [5]
  .rodata            const    0x080060e8    0x18  main.o [1]
  .text              ro code  0x08006100    0x16  xprout.o [3]
  .text              ro code  0x08006118     0xc  putchar.o [3]
  .rodata            const    0x08006124    0x10  stm32f3xx_hal_rcc.o [1]
  .rodata            const    0x08006134    0x10  stm32f3xx_hal_rcc.o [1]
  .rodata            const    0x08006144    0x10  system_stm32f3xx.o [1]
  .text              ro code  0x08006154    0x10  startup_stm32f303xc.o [1]
  .rodata            const    0x08006164     0xc  main.o [1]
  .text              ro code  0x08006170     0xc  cstartup_M.o [5]
  .rodata            const    0x0800617c     0x8  system_stm32f3xx.o [1]
  .rodata            const    0x08006184     0x6  xlocale_c.o [3]
  .rodata            const    0x0800618c     0x4  main.o [1]
  .rodata            const    0x08006190     0x4  main.o [1]
  .rodata            const    0x08006194     0x4  main.o [1]
  .rodata            const    0x08006198     0x4  main.o [1]
  .rodata            const    0x0800619c     0x4  main.o [1]
  .rodata            const    0x080061a0     0x4  main.o [1]
  .rodata            const    0x080061a4     0x4  main.o [1]
  .rodata            const    0x080061a8     0x4  main.o [1]
  .rodata            const    0x080061ac     0x4  main.o [1]
  .rodata            const    0x080061b0     0x4  main.o [1]
  .rodata            const    0x080061b4     0x4  main.o [1]
  .rodata            const    0x080061b8     0x4  main.o [1]
  .rodata            const    0x080061bc     0x4  main.o [1]
  .text              ro code  0x080061c0     0x4  startup_stm32f303xc.o [1]
  .text              ro code  0x080061c4     0x4  startup_stm32f303xc.o [1]
  .text              ro code  0x080061c8     0x4  startup_stm32f303xc.o [1]
  .text              ro code  0x080061cc     0x4  startup_stm32f303xc.o [1]
  .text              ro code  0x080061d0     0x4  startup_stm32f303xc.o [1]
  .text              ro code  0x080061d4     0x4  startup_stm32f303xc.o [1]
  .text              ro code  0x080061d8     0x4  startup_stm32f303xc.o [1]
  .text              ro code  0x080061dc     0x4  startup_stm32f303xc.o [1]
  .text              ro code  0x080061e0     0x4  startup_stm32f303xc.o [1]
  .text              ro code  0x080061e4     0x4  startup_stm32f303xc.o [1]
  .text              ro code  0x080061e8     0x4  startup_stm32f303xc.o [1]
  .text              ro code  0x080061ec     0x4  startup_stm32f303xc.o [1]
  .text              ro code  0x080061f0     0x4  startup_stm32f303xc.o [1]
  .text              ro code  0x080061f4     0x4  startup_stm32f303xc.o [1]
  .text              ro code  0x080061f8     0x4  startup_stm32f303xc.o [1]
  .text              ro code  0x080061fc     0x4  startup_stm32f303xc.o [1]
  .text              ro code  0x08006200     0x4  startup_stm32f303xc.o [1]
  .text              ro code  0x08006204     0x4  startup_stm32f303xc.o [1]
  .text              ro code  0x08006208     0x4  startup_stm32f303xc.o [1]
  .text              ro code  0x0800620c     0x4  startup_stm32f303xc.o [1]
  .text              ro code  0x08006210     0x4  startup_stm32f303xc.o [1]
  .text              ro code  0x08006214     0x4  startup_stm32f303xc.o [1]
  .text              ro code  0x08006218     0x4  startup_stm32f303xc.o [1]
  .text              ro code  0x0800621c     0x4  startup_stm32f303xc.o [1]
  .text              ro code  0x08006220     0x4  startup_stm32f303xc.o [1]
  .text              ro code  0x08006224     0x4  startup_stm32f303xc.o [1]
  .text              ro code  0x08006228     0x4  startup_stm32f303xc.o [1]
  .text              ro code  0x0800622c     0x4  startup_stm32f303xc.o [1]
  .text              ro code  0x08006230     0x4  startup_stm32f303xc.o [1]
  .text              ro code  0x08006234     0x4  startup_stm32f303xc.o [1]
  .text              ro code  0x08006238     0x4  startup_stm32f303xc.o [1]
  .text              ro code  0x0800623c     0x4  startup_stm32f303xc.o [1]
  .text              ro code  0x08006240     0x4  startup_stm32f303xc.o [1]
  .text              ro code  0x08006244     0x4  startup_stm32f303xc.o [1]
  .text              ro code  0x08006248     0x4  startup_stm32f303xc.o [1]
  .text              ro code  0x0800624c     0x4  startup_stm32f303xc.o [1]
  .text              ro code  0x08006250     0x4  startup_stm32f303xc.o [1]
  .text              ro code  0x08006254     0x4  startup_stm32f303xc.o [1]
  .text              ro code  0x08006258     0x4  startup_stm32f303xc.o [1]
  .text              ro code  0x0800625c     0x4  startup_stm32f303xc.o [1]
  .text              ro code  0x08006260     0x4  startup_stm32f303xc.o [1]
  .text              ro code  0x08006264     0x4  startup_stm32f303xc.o [1]
  .text              ro code  0x08006268     0x4  startup_stm32f303xc.o [1]
  .text              ro code  0x0800626c     0x4  startup_stm32f303xc.o [1]
  .text              ro code  0x08006270     0x4  startup_stm32f303xc.o [1]
  .text              ro code  0x08006274     0x4  startup_stm32f303xc.o [1]
  .text              ro code  0x08006278     0x4  startup_stm32f303xc.o [1]
  .text              ro code  0x0800627c     0x4  startup_stm32f303xc.o [1]
  .text              ro code  0x08006280     0x4  startup_stm32f303xc.o [1]
  .text              ro code  0x08006284     0x4  startup_stm32f303xc.o [1]
  .text              ro code  0x08006288     0x4  startup_stm32f303xc.o [1]
  .text              ro code  0x0800628c     0x4  startup_stm32f303xc.o [1]
  .text              ro code  0x08006290     0x4  startup_stm32f303xc.o [1]
  .text              ro code  0x08006294     0x4  startup_stm32f303xc.o [1]
  .text              ro code  0x08006298     0x4  startup_stm32f303xc.o [1]
  .text              ro code  0x0800629c     0x4  startup_stm32f303xc.o [1]
  .text              ro code  0x080062a0     0x4  startup_stm32f303xc.o [1]
  .text              ro code  0x080062a4     0x4  startup_stm32f303xc.o [1]
  .text              ro code  0x080062a8     0x4  startup_stm32f303xc.o [1]
  .text              ro code  0x080062ac     0x4  startup_stm32f303xc.o [1]
  .text              ro code  0x080062b0     0x4  startup_stm32f303xc.o [1]
  .text              ro code  0x080062b4     0x4  startup_stm32f303xc.o [1]
  .text              ro code  0x080062b8     0x4  startup_stm32f303xc.o [1]
  .text              ro code  0x080062bc     0x4  startup_stm32f303xc.o [1]
  .text              ro code  0x080062c0     0x4  startup_stm32f303xc.o [1]
  .text              ro code  0x080062c4     0x4  startup_stm32f303xc.o [1]
  .text              ro code  0x080062c8     0x4  startup_stm32f303xc.o [1]
  .text              ro code  0x080062cc     0x4  startup_stm32f303xc.o [1]
  .text              ro code  0x080062d0     0x4  startup_stm32f303xc.o [1]
  .text              ro code  0x080062d4     0x4  startup_stm32f303xc.o [1]
  .text              ro code  0x080062d8     0x0  cstart_closeall.o [5]
  .rodata            const    0x080062d8     0x0  zero_init3.o [5]
  .rodata            const    0x080062d8     0x0  lz77_init_single.o [5]
  Initializer bytes  const    0x080062d8    0x87  <for P2-1>
                            - 0x0800635f  0x61d7

"P2", part 1 of 3:                         0x184
  P2-1                        0x20000000   0x184  <Init block>
    .data            inited   0x20000000     0x4  system_stm32f3xx.o [1]
    .data            inited   0x20000004    0x38  xlocale_c.o [3]
    .data            inited   0x2000003c    0x48  xlocale_c.o [3]
    .data            inited   0x20000084    0x48  xfiles.o [3]
    .data            inited   0x200000cc    0x48  xfiles.o [3]
    .data            inited   0x20000114    0x48  xfiles.o [3]
    .data            inited   0x2000015c    0x20  xfiles.o [3]
    .data            inited   0x2000017c     0x8  XShttio.o [3]
                            - 0x20000184   0x184

"P2", part 2 of 3:                         0x290
  .bss               zero     0x20000184    0x80  XShHandles.o [3]
  .bss               zero     0x20000204    0x70  usart.o [1]
  .bss               zero     0x20000274    0x64  spi.o [1]
  .bss               zero     0x200002d8    0x50  xfiles.o [3]
  .bss               zero     0x20000328    0x50  xfiles.o [3]
  .bss               zero     0x20000378    0x40  tim.o [1]
  .bss               zero     0x200003b8    0x24  crc.o [1]
  .bss               zero     0x200003dc     0x8  heap0.o [3]
  .bss               zero     0x200003e4     0x4  main.o [1]
  .bss               zero     0x200003e8     0x4  main.o [1]
  .bss               zero     0x200003ec     0x4  main.o [1]
  .bss               zero     0x200003f0     0x4  main.o [1]
  .bss               zero     0x200003f4     0x4  main.o [1]
  .bss               zero     0x200003f8     0x4  main.o [1]
  .bss               zero     0x200003fc     0x4  main.o [1]
  .bss               zero     0x20000400     0x4  stm32f3xx_hal.o [1]
  .bss               zero     0x20000404     0x4  xfail_s.o [3]
  .bss               zero     0x20000408     0x4  xgetmemchunk.o [3]
  .bss               zero     0x2000040c     0x2  main.o [1]
  .bss               zero     0x2000040e     0x2  main.o [1]
  .bss               zero     0x20000410     0x1  main.o [1]
  .bss               zero     0x20000411     0x1  main.o [1]
  .bss               zero     0x20000412     0x1  XShttio.o [3]
                            - 0x20000413   0x28f

"P2", part 3 of 3:                         0x600
  CSTACK                      0x20000418   0x400  <Block>
    CSTACK           uninit   0x20000418   0x400  <Block tail>
  HEAP                        0x20000818   0x200  <Block>
    HEAP             uninit   0x20000818   0x200  <Block tail>
                            - 0x20000a18   0x600


*******************************************************************************
*** INIT TABLE
***

          Address     Size
          -------     ----
Zero (__iar_zero_init3)
    1 destination range, total size 0x28f:
          0x20000184  0x28f

Copy/lz77 (__iar_lz77_init_single3)
    1 source range, total size 0x87 (34% of destination):
          0x080062d8   0x87
    1 destination range, total size 0x184:
          0x20000000  0x184



*******************************************************************************
*** MODULE SUMMARY
***

    Module                   ro code  ro data  rw data
    ------                   -------  -------  -------
C:\Users\Ag\Documents\GitHub\Thermometer-on-STM32F3-Discovery\EWARM\lab2-cube32mx\Obj: [1]
    crc.o                        132       72       36
    gpio.o                       524
    main.o                     1 446      208       34
    spi.o                        240       72      100
    startup_stm32f303xc.o        688
    stm32f3xx_hal.o              138                 4
    stm32f3xx_hal_cortex.o       374
    stm32f3xx_hal_crc.o          478
    stm32f3xx_hal_crc_ex.o        96
    stm32f3xx_hal_dma.o           88
    stm32f3xx_hal_gpio.o         524
    stm32f3xx_hal_msp.o          124
    stm32f3xx_hal_rcc.o        2 752       32
    stm32f3xx_hal_rcc_ex.o       724
    stm32f3xx_hal_spi.o        1 100
    stm32f3xx_hal_tim.o        2 176
    stm32f3xx_hal_tim_ex.o       110
    stm32f3xx_hal_uart.o       2 350
    stm32f3xx_hal_uart_ex.o        2
    stm32f3xx_it.o                44
    system_stm32f3xx.o           152       25        4
    tim.o                        344       72       64
    usart.o                      192       76      112
    --------------------------------------------------
    Total:                    14 798      557      354

command line: [2]
    --------------------------------------------------
    Total:

dl7M_tlf.a: [3]
    XShHandles.o                 204               128
    XShttio.o                     60        3        9
    abort.o                        6
    exit.o                         4
    fclose.o                     126
    fflush.o                     172
    fputc.o                       84
    fseek.o                       36
    heap0.o                      320                 8
    heaptramp0.o                   4
    low_level_init.o               4
    printf.o                      40
    putchar.o                     12
    sprintf.o                     64
    xcloseall.o                   60
    xencoding_8859_1.o            30
    xfail_s.o                     68                 4
    xfgpos.o                      12
    xfiles.o                               87      408
    xfofind.o                    124
    xfspos.o                     216
    xfwprep.o                    180
    xgetmemchunk.o                44                 4
    xlocale_c.o                  120       50      128
    xmbcurmax.o                   10
    xprintffull.o              3 990
    xprout.o                      22
    xsprout.o                     10
    --------------------------------------------------
    Total:                     6 022      140      689

m7M_tls.a: [4]
    DblAdd.o                     360
    DblCmpGe.o                    46
    DblCmpLe.o                    46
    DblDiv.o                     582
    DblMul.o                     418
    DblSub.o                     226
    DblToS32.o                    58
    DblToU32.o                    40
    S32ToDbl.o                    34
    U32ToDbl.o                    26
    fpinit_M.o                    34
    frexp.o                      112
    ldexp.o                      314
    --------------------------------------------------
    Total:                     2 296

rt7M_tl.a: [5]
    ABImemcpy.o                  166
    I64DivMod.o                  558
    I64DivZer.o                    2
    cexit.o                       14
    cmain.o                       30
    cstart_closeall.o
    cstartup_M.o                  12
    data_init.o                   40
    lz77_init_single.o           122
    memchr.o                      88
    strchr.o                      22
    strlen.o                      54
    zero_init3.o                  64
    --------------------------------------------------
    Total:                     1 172

shb_l.a: [6]
    close.o                       24
    dwrite.o                      30
    exit.o                        20
    iarttio.o                    124
    iarwrite.o                    34
    iarwstd.o                     32
    lseek.o                       74
    remove.o                      20
    write.o                       16
    --------------------------------------------------
    Total:                       374

    Gaps                          42        6
    Linker created                         32    1 536
------------------------------------------------------
    Grand Total:              24 704      735    2 579


*******************************************************************************
*** ENTRY LIST
***

Entry                      Address   Size  Type      Object
-----                      -------   ----  ----      ------
.iar.init_table$$Base   0x08006090          --   Gb  - Linker created -
.iar.init_table$$Limit  0x080060b0          --   Gb  - Linker created -
?main                   0x080060b1         Code  Gb  cmain.o [5]
AHBPrescTable           0x08006144   0x10  Data  Gb  system_stm32f3xx.o [1]
APBPrescTable           0x0800617c    0x8  Data  Gb  system_stm32f3xx.o [1]
Aldata                  0x200003dc    0x8  Data  Lc  heap0.o [3]
CRC_Handle_16           0x08004cdb   0x38  Code  Lc  stm32f3xx_hal_crc.o [1]
CRC_Handle_8            0x08004c49   0x92  Code  Lc  stm32f3xx_hal_crc.o [1]
CSTACK$$Base            0x20000418          --   Gb  - Linker created -
CSTACK$$Limit           0x20000818          --   Gb  - Linker created -
CacheMore               0x0800119d   0x24  Code  Lc  xlocale_c.o [3]
HAL_CRCEx_Polynomial_Set
                        0x08005539   0x60  Code  Gb  stm32f3xx_hal_crc_ex.o [1]
HAL_CRC_Calculate       0x08004bc5   0x84  Code  Gb  stm32f3xx_hal_crc.o [1]
HAL_CRC_Init            0x08004b35   0x8a  Code  Gb  stm32f3xx_hal_crc.o [1]
HAL_CRC_MspInit         0x0800512d   0x26  Code  Gb  crc.o [1]
HAL_DMA_Abort_IT        0x08003619   0x58  Code  Gb  stm32f3xx_hal_dma.o [1]
HAL_Delay               0x08004275   0x1e  Code  Wk  stm32f3xx_hal.o [1]
HAL_GPIO_Init           0x08003c1d  0x1be  Code  Gb  stm32f3xx_hal_gpio.o [1]
HAL_GPIO_TogglePin      0x08003df3    0xc  Code  Gb  stm32f3xx_hal_gpio.o [1]
HAL_GPIO_WritePin       0x08003ddb   0x18  Code  Gb  stm32f3xx_hal_gpio.o [1]
HAL_GetTick             0x08002a81    0xc  Code  Wk  stm32f3xx_hal.o [1]
HAL_IncTick             0x08006035   0x10  Code  Wk  stm32f3xx_hal.o [1]
HAL_Init                0x08004d55   0x22  Code  Gb  stm32f3xx_hal.o [1]
HAL_InitTick            0x08002a8d   0x28  Code  Wk  stm32f3xx_hal.o [1]
HAL_MspInit             0x08005599   0x7c  Code  Gb  stm32f3xx_hal_msp.o [1]
HAL_NVIC_EnableIRQ      0x08002bc5    0xe  Code  Gb  stm32f3xx_hal_cortex.o [1]
HAL_NVIC_SetPriority    0x08002b9b   0x2a  Code  Gb  stm32f3xx_hal_cortex.o [1]
HAL_NVIC_SetPriorityGrouping
                        0x08002b8f    0xc  Code  Gb  stm32f3xx_hal_cortex.o [1]
HAL_RCCEx_PeriphCLKConfig
                        0x08005255  0x2b4  Code  Gb  stm32f3xx_hal_rcc_ex.o [1]
HAL_RCC_ClockConfig     0x08002749  0x234  Code  Gb  stm32f3xx_hal_rcc.o [1]
HAL_RCC_GetHCLKFreq     0x080029f5    0x6  Code  Gb  stm32f3xx_hal_rcc.o [1]
HAL_RCC_GetPCLK1Freq    0x080029fb   0x20  Code  Gb  stm32f3xx_hal_rcc.o [1]
HAL_RCC_GetPCLK2Freq    0x08002a1b   0x20  Code  Gb  stm32f3xx_hal_rcc.o [1]
HAL_RCC_GetSysClockFreq
                        0x0800297d   0x78  Code  Gb  stm32f3xx_hal_rcc.o [1]
HAL_RCC_OscConfig       0x08001fc1  0x788  Code  Gb  stm32f3xx_hal_rcc.o [1]
HAL_SPI_Init            0x08003e29   0xd4  Code  Gb  stm32f3xx_hal_spi.o [1]
HAL_SPI_MspInit         0x080051d5   0x66  Code  Gb  spi.o [1]
HAL_SPI_Transmit        0x08003efd  0x1c2  Code  Gb  stm32f3xx_hal_spi.o [1]
HAL_SYSTICK_CLKSourceConfig
                        0x08002bdf   0x20  Code  Gb  stm32f3xx_hal_cortex.o [1]
HAL_SYSTICK_Config      0x08002bd3    0xc  Code  Gb  stm32f3xx_hal_cortex.o [1]
HAL_SYSTICK_IRQHandler  0x08002c21    0x8  Code  Gb  stm32f3xx_hal_cortex.o [1]
HAL_TIMEx_Break2Callback
                        0x08005533    0x2  Code  Wk  stm32f3xx_hal_tim_ex.o [1]
HAL_TIMEx_BreakCallback
                        0x08005531    0x2  Code  Wk  stm32f3xx_hal_tim_ex.o [1]
HAL_TIMEx_CommutationCallback
                        0x08005537    0x2  Code  Wk  stm32f3xx_hal_tim_ex.o [1]
HAL_TIMEx_MasterConfigSynchronization
                        0x08005615   0x5e  Code  Gb  stm32f3xx_hal_tim_ex.o [1]
HAL_TIM_Base_Init       0x080042bd   0x38  Code  Gb  stm32f3xx_hal_tim.o [1]
HAL_TIM_Base_MspInit    0x0800507b   0x5a  Code  Gb  tim.o [1]
HAL_TIM_ConfigClockSource
                        0x08004603  0x122  Code  Gb  stm32f3xx_hal_tim.o [1]
HAL_TIM_IC_CaptureCallback
                        0x0800385b  0x200  Code  Gb  main.o [1]
HAL_TIM_IC_CaptureCallback::bitCounter
                        0x200003f4    0x4  Data  Lc  main.o [1]
HAL_TIM_IC_CaptureCallback::calculatedCRC
                        0x200003f0    0x4  Data  Lc  main.o [1]
HAL_TIM_IC_CaptureCallback::clearForCRC
                        0x200003fc    0x4  Data  Lc  main.o [1]
HAL_TIM_IC_CaptureCallback::clearForTemp
                        0x200003f8    0x4  Data  Lc  main.o [1]
HAL_TIM_IC_CaptureCallback::preamble
                        0x200003e4    0x4  Data  Lc  main.o [1]
HAL_TIM_IC_CaptureCallback::receivedCRC
                        0x200003ec    0x4  Data  Lc  main.o [1]
HAL_TIM_IC_CaptureCallback::temperaturData
                        0x200003e8    0x4  Data  Lc  main.o [1]
HAL_TIM_IC_CaptureCallback::ticks1
                        0x2000040c    0x2  Data  Lc  main.o [1]
HAL_TIM_IC_CaptureCallback::ticks2
                        0x2000040e    0x2  Data  Lc  main.o [1]
HAL_TIM_IC_ConfigChannel
                        0x0800452d   0xd6  Code  Gb  stm32f3xx_hal_tim.o [1]
HAL_TIM_IC_Init         0x080042f5   0x38  Code  Gb  stm32f3xx_hal_tim.o [1]
HAL_TIM_IC_Start_IT     0x0800432d   0x6c  Code  Gb  stm32f3xx_hal_tim.o [1]
HAL_TIM_IRQHandler      0x08004399  0x194  Code  Gb  stm32f3xx_hal_tim.o [1]
HAL_TIM_ReadCapturedValue
                        0x08004775   0x54  Code  Gb  stm32f3xx_hal_tim.o [1]
HAL_TIM_SlaveConfigSynchronization
                        0x08004727   0x4e  Code  Gb  stm32f3xx_hal_tim.o [1]
HAL_UARTEx_WakeupCallback
                        0x08003673    0x2  Code  Wk  stm32f3xx_hal_uart_ex.o [1]
HAL_UART_IRQHandler     0x08002dad  0x174  Code  Gb  stm32f3xx_hal_uart.o [1]
HAL_UART_Init           0x08002c2d   0x7e  Code  Gb  stm32f3xx_hal_uart.o [1]
HAL_UART_MspInit        0x080035ad   0x58  Code  Gb  usart.o [1]
HAL_UART_Receive_IT     0x08002d09   0xa4  Code  Gb  stm32f3xx_hal_uart.o [1]
HAL_UART_RxCpltCallback
                        0x080037ef    0xa  Code  Gb  main.o [1]
HAL_UART_Transmit_IT    0x08002cab   0x5e  Code  Gb  stm32f3xx_hal_uart.o [1]
HAL_UART_TxCpltCallback
                        0x080037e5    0xa  Code  Gb  main.o [1]
HEAP$$Base              0x20000818          --   Gb  - Linker created -
HEAP$$Limit             0x20000a18          --   Gb  - Linker created -
LoadInt                 0x08000377   0x7a  Code  Lc  xprintffull.o [3]
MX_CRC_Init             0x080050e1   0x4c  Code  Gb  crc.o [1]
MX_GPIO_Init            0x08004d7d  0x20c  Code  Gb  gpio.o [1]
MX_SPI2_Init            0x08005165   0x70  Code  Gb  spi.o [1]
MX_TIM2_Init            0x08004f89   0xf2  Code  Gb  tim.o [1]
MX_USART3_UART_Init     0x08003559   0x54  Code  Gb  usart.o [1]
NVIC_EnableIRQ          0x08002adb   0x16  Code  Lc  stm32f3xx_hal_cortex.o [1]
NVIC_EncodePriority     0x08002b1d   0x42  Code  Lc  stm32f3xx_hal_cortex.o [1]
NVIC_GetPriorityGrouping
                        0x08002ad1    0xa  Code  Lc  stm32f3xx_hal_cortex.o [1]
NVIC_SetPriority        0x08002af1   0x2c  Code  Lc  stm32f3xx_hal_cortex.o [1]
NVIC_SetPriorityGrouping
                        0x08002ab5   0x1c  Code  Lc  stm32f3xx_hal_cortex.o [1]
PendSV_Handler          0x0800600b    0x2  Code  Gb  stm32f3xx_it.o [1]
RXBuffer                0x20000411    0x1  Data  Gb  main.o [1]
Region$$Table$$Base     0x08006090          --   Gb  - Linker created -
Region$$Table$$Limit    0x080060b0          --   Gb  - Linker created -
SPI_EndRxTxTransaction  0x0800420b   0x6a  Code  Lc  stm32f3xx_hal_spi.o [1]
SPI_WaitFifoStateUntilTimeout
                        0x0800415f   0xac  Code  Lc  stm32f3xx_hal_spi.o [1]
SPI_WaitFlagStateUntilTimeout
                        0x080040bf   0xa0  Code  Lc  stm32f3xx_hal_spi.o [1]
SVC_Handler             0x08006009    0x2  Code  Gb  stm32f3xx_it.o [1]
SysTick_Config          0x08002b5f   0x30  Code  Lc  stm32f3xx_hal_cortex.o [1]
SysTick_Handler         0x0800600d    0xc  Code  Gb  stm32f3xx_it.o [1]
SystemClock_Config      0x08003ae7   0xa8  Code  Gb  main.o [1]
SystemCoreClock         0x20000000    0x4  Data  Gb  system_stm32f3xx.o [1]
SystemInit              0x08005bd9   0x70  Code  Gb  system_stm32f3xx.o [1]
TIM2_IRQHandler         0x08006019    0xa  Code  Gb  stm32f3xx_it.o [1]
TIM_Base_SetConfig      0x080047c9   0xc0  Code  Gb  stm32f3xx_hal_tim.o [1]
TIM_CCxChannelCmd       0x08004b17   0x1c  Code  Gb  stm32f3xx_hal_tim.o [1]
TIM_ETR_SetConfig       0x08004afd   0x1a  Code  Gb  stm32f3xx_hal_tim.o [1]
TIM_ITRx_SetConfig      0x08004ae3   0x1a  Code  Lc  stm32f3xx_hal_tim.o [1]
TIM_SlaveTimer_SetConfig
                        0x08004889   0xb0  Code  Lc  stm32f3xx_hal_tim.o [1]
TIM_TI1_ConfigInputStage
                        0x080049cd   0x28  Code  Lc  stm32f3xx_hal_tim.o [1]
TIM_TI1_SetConfig       0x08004939   0x6e  Code  Gb  stm32f3xx_hal_tim.o [1]
TIM_TI2_ConfigInputStage
                        0x08004a37   0x2a  Code  Lc  stm32f3xx_hal_tim.o [1]
TIM_TI2_SetConfig       0x080049f5   0x42  Code  Lc  stm32f3xx_hal_tim.o [1]
TIM_TI3_SetConfig       0x08004a61   0x40  Code  Lc  stm32f3xx_hal_tim.o [1]
TIM_TI4_SetConfig       0x08004aa1   0x42  Code  Lc  stm32f3xx_hal_tim.o [1]
UART_AdvFeatureConfig   0x08003249   0xda  Code  Gb  stm32f3xx_hal_uart.o [1]
UART_CheckIdleState     0x08003323   0x6e  Code  Gb  stm32f3xx_hal_uart.o [1]
UART_DMAAbortOnError    0x08003421   0x1a  Code  Lc  stm32f3xx_hal_uart.o [1]
UART_EndRxTransfer      0x080033ff   0x20  Code  Lc  stm32f3xx_hal_uart.o [1]
UART_EndTransmit_IT     0x080034ad   0x20  Code  Gb  stm32f3xx_hal_uart.o [1]
UART_Receive_IT         0x080034cd   0x8c  Code  Gb  stm32f3xx_hal_uart.o [1]
UART_SetConfig          0x08002f21  0x304  Code  Gb  stm32f3xx_hal_uart.o [1]
UART_Transmit_IT        0x0800343d   0x70  Code  Gb  stm32f3xx_hal_uart.o [1]
UART_WaitOnFlagUntilTimeout
                        0x08003391   0x6e  Code  Gb  stm32f3xx_hal_uart.o [1]
USART3_IRQHandler       0x08006023    0xa  Code  Gb  stm32f3xx_it.o [1]
UartReady               0x20000410    0x1  Data  Gb  main.o [1]
_Close_all              0x08005fa1   0x3c  Code  Gb  xcloseall.o [3]
_Encoding_8859_1_Mbrlen
                        0x08001239    0x2  Code  Gb  xencoding_8859_1.o [3]
_Encoding_8859_1_Wctomb
                        0x08001227   0x12  Code  Gb  xencoding_8859_1.o [3]
_Error_Handler          0x08003c19    0x2  Code  Gb  main.o [1]
_Files                  0x2000015c   0x20  Data  Gb  xfiles.o [3]
_Fofree                 0x08005cf1   0x78  Code  Gb  xfofind.o [3]
_Fspos                  0x080057e9   0xd8  Code  Gb  xfspos.o [3]
_Fwprep                 0x08005b01   0xb4  Code  Gb  xfwprep.o [3]
_GenldFull              0x08000df7  0x276  Code  Lc  xprintffull.o [3]
_LdtobFull              0x080009cd  0x3fe  Code  Lc  xprintffull.o [3]
_LitobFull              0x08000875  0x112  Code  Lc  xprintffull.o [3]
_Locale_lconv           0x20000004   0x38  Data  Lc  xlocale_c.o [3]
_Nnl                    0x0800596d    0xc  Code  Gb  xfgpos.o [3]
_PrintfFull             0x08000189  0x1d8  Code  Gb  xprintffull.o [3]
_Prout                  0x08006101   0x16  Code  Gb  xprout.o [3]
_PutcharsFull           0x0800106d   0x2e  Code  Lc  xprintffull.o [3]
_PutfldFull             0x080003f1  0x2d0  Code  Lc  xprintffull.o [3]
_PutstrFull             0x080007b7   0xbe  Code  Lc  xprintffull.o [3]
_PuttxtFull             0x080006c1   0xf6  Code  Lc  xprintffull.o [3]
_SProut                 0x080012bf    0xa  Code  Gb  xsprout.o [3]
__aeabi_cdcmple         0x08001819         Code  Gb  DblCmpLe.o [4]
__aeabi_cdrcmple        0x08001849         Code  Gb  DblCmpGe.o [4]
__aeabi_d2iz            0x080019b5         Code  Gb  DblToS32.o [4]
__aeabi_d2uiz           0x08001d41         Code  Gb  DblToU32.o [4]
__aeabi_ddiv            0x08001af9         Code  Gb  DblDiv.o [4]
__aeabi_dmul            0x08001605         Code  Gb  DblMul.o [4]
__aeabi_dsub            0x08001a15         Code  Gb  DblSub.o [4]
__aeabi_i2d             0x080019f1         Code  Gb  S32ToDbl.o [4]
__aeabi_ldiv0           0x08001d89         Code  Gb  I64DivZer.o [5]
__aeabi_memcpy          0x0800132d         Code  Gb  ABImemcpy.o [5]
__aeabi_memcpy4         0x0800134d         Code  Gb  ABImemcpy.o [5]
__aeabi_memcpy8         0x0800134d         Code  Gb  ABImemcpy.o [5]
__aeabi_ui2d            0x08001d69         Code  Gb  U32ToDbl.o [4]
__aeabi_uldivmod        0x080013d5         Code  Gb  I64DivMod.o [5]
__basic_free            0x08005729   0x16  Code  Gb  heap0.o [3]
__basic_free_intern     0x0800573f   0x7a  Code  Lc  heap0.o [3]
__basic_malloc          0x0800567d   0x18  Code  Gb  heap0.o [3]
__basic_malloc_intern   0x08005695   0x94  Code  Lc  heap0.o [3]
__cexit_closeall        0x080060db         Code  Gb  cexit.o [5]
__close                 0x08005d71   0x18  Code  Gb  close.o [6]
__cmain                 0x080060b1         Code  Gb  cmain.o [5]
__cstart_closeall       0x080062d8         Data  Gb  cstart_closeall.o [5]
__data_GetMemChunk      0x080057bd   0x2c  Code  Gb  xgetmemchunk.o [3]
__data_GetMemChunk::start
                        0x20000408    0x4  Data  Lc  xgetmemchunk.o [3]
__dwrite                0x08005aa1   0x1e  Code  Gb  dwrite.o [6]
__exit                  0x08001ef5   0x14  Code  Gb  exit.o [6]
__iar_Fail_s            0x08001245   0x1e  Code  Gb  xfail_s.o [3]
__iar_Mbcurmax          0x08001321    0xa  Code  Gb  xmbcurmax.o [3]
__iar_Memchr            0x080012c9         Code  Gb  memchr.o [5]
__iar_Stderr            0x20000114   0x48  Data  Gb  xfiles.o [3]
__iar_Stdin             0x20000084   0x48  Data  Gb  xfiles.o [3]
__iar_Stdout            0x200000cc   0x48  Data  Gb  xfiles.o [3]
__iar_Strchr            0x08001211         Code  Gb  strchr.o [5]
__iar_close_ttio        0x08001f09   0x2c  Code  Gb  iarttio.o [6]
__iar_dadd              0x08001a25         Code  Gb  DblSub.o [4]
__iar_data_init3        0x08006045   0x28  Code  Gb  data_init.o [5]
__iar_dsub              0x08001d8d         Code  Gb  DblAdd.o [4]
__iar_dsubStart         0x08001d9f         Code  Gb  DblAdd.o [4]
__iar_frexp             0x080017b5         Code  Gb  frexp.o [4]
__iar_frexpl            0x080017b5         Code  Gb  frexp.o [4]
__iar_get_ttio          0x08001f35   0x4c  Code  Gb  iarttio.o [6]
__iar_globLocale        0x2000003c   0x48  Data  Lc  xlocale_c.o [3]
__iar_global_Locale     0x08001199    0x4  Code  Gb  xlocale_c.o [3]
__iar_init_vfp          0x0800606d         Code  Gb  fpinit_M.o [4]
__iar_ldexp64           0x08001879         Code  Gb  ldexp.o [4]
__iar_lookup_ttioh      0x08001fb3    0x4  Code  Gb  XShttio.o [3]
__iar_lz77_init_single3
                        0x0800111f   0x7a  Code  Gb  lz77_init_single.o [5]
__iar_program_start     0x08006171         Code  Gb  cstartup_M.o [5]
__iar_scalbln64         0x08001879         Code  Gb  ldexp.o [4]
__iar_scalbn64          0x08001879         Code  Gb  ldexp.o [4]
__iar_sh_Discard        0x080059d5   0x42  Code  Gb  XShHandles.o [3]
__iar_sh_Move           0x08005a17   0x46  Code  Gb  XShHandles.o [3]
__iar_sh_Pos            0x08005a5d   0x3e  Code  Gb  XShHandles.o [3]
__iar_sh_stdout         0x08005abf   0x20  Code  Gb  iarwstd.o [6]
__iar_sh_write          0x08005adf   0x22  Code  Gb  iarwrite.o [6]
__iar_softfp___iar_frexp64
                        0x080017a9         Code  Gb  frexp.o [4]
__iar_softfp_frexp      0x080017a9         Code  Gb  frexp.o [4]
__iar_softfp_frexpl     0x080017a9         Code  Gb  frexp.o [4]
__iar_systems$$module {Abs}
                        0x00000001         Data  Gb  command line/config [2]
__iar_ttio_guard_lock   0x08001f85   0x1e  Code  Gb  XShttio.o [3]
__iar_ttio_guard_unlock
                        0x08001fa3   0x10  Code  Gb  XShttio.o [3]
__iar_ttio_handles      0x2000017c    0x8  Data  Lc  XShttio.o [3]
__iar_zero_init3        0x08005f61   0x40  Code  Gb  zero_init3.o [5]
__low_level_init        0x080060cf    0x4  Code  Gb  low_level_init.o [3]
__lseek                 0x08005979   0x4a  Code  Gb  lseek.o [6]
__vector_table          0x08000000         Data  Gb  startup_stm32f303xc.o [1]
__write                 0x080059c3   0x10  Code  Gb  write.o [6]
_call_main              0x080060bd         Code  Gb  cmain.o [5]
_exit                   0x080060d9         Code  Gb  cexit.o [5]
_gLocale_mblen          0x080011f9    0x4  Code  Gb  xlocale_c.o [3]
_gLocale_mblenInt       0x080011c1   0x34  Code  Gb  xlocale_c.o [3]
_gLocale_wctomb         0x080011fd    0x4  Code  Gb  xlocale_c.o [3]
_gLocale_wctombInt      0x080011f5    0x4  Code  Gb  xlocale_c.o [3]
_main                   0x080060cb         Code  Gb  cmain.o [5]
aPLLMULFactorTable      0x08006124   0x10  Data  Gb  stm32f3xx_hal_rcc.o [1]
aPredivFactorTable      0x08006134   0x10  Data  Gb  stm32f3xx_hal_rcc.o [1]
abort                   0x08001d83    0x6  Code  Gb  abort.o [3]
ebuf                    0x200002d8   0x50  Data  Lc  xfiles.o [3]
exit                    0x080060d3    0x4  Code  Gb  exit.o [3]
fclose                  0x08005c71   0x7e  Code  Gb  fclose.o [3]
fflush                  0x08005935   0x34  Code  Gb  fflush.o [3]
fflushOne               0x080058c1   0x74  Code  Lc  fflush.o [3]
fputc                   0x08005d9d   0x54  Code  Gb  fputc.o [3]
free                    0x08005d6d    0x4  Code  Gb  heaptramp0.o [3]
fseek                   0x08005bb5   0x24  Code  Gb  fseek.o [3]
hcrc                    0x200003b8   0x24  Data  Gb  crc.o [1]
hspi2                   0x20000274   0x64  Data  Gb  spi.o [1]
htim2                   0x20000378   0x40  Data  Gb  tim.o [1]
huart3                  0x20000204   0x70  Data  Gb  usart.o [1]
initDisplay             0x08003695   0xea  Code  Gb  main.o [1]
interpretPulse          0x080037f9   0x56  Code  Gb  main.o [1]
ldexp                   0x08001879         Code  Gb  ldexp.o [4]
ldexpl                  0x08001879         Code  Gb  ldexp.o [4]
localeconv              0x08001201    0x4  Code  Gb  xlocale_c.o [3]
main                    0x08003a5b   0x8c  Code  Gb  main.o [1]
memchr                  0x080012c9         Code  Gb  memchr.o [5]
obuf                    0x20000328   0x50  Data  Lc  xfiles.o [3]
printf                  0x08004295   0x28  Code  Gb  printf.o [3]
putchar                 0x08006119    0xc  Code  Gb  putchar.o [3]
remove                  0x08005d89   0x14  Code  Gb  remove.o [6]
sFileInfo               0x20000184   0x80  Data  Lc  XShHandles.o [3]
savePulse               0x08003855    0x6  Code  Gb  main.o [1]
scalbln                 0x08001879         Code  Gb  ldexp.o [4]
scalblnl                0x08001879         Code  Gb  ldexp.o [4]
scalbn                  0x08001879         Code  Gb  ldexp.o [4]
scalbnl                 0x08001879         Code  Gb  ldexp.o [4]
scale                   0x08000987   0x46  Code  Lc  xprintffull.o [3]
sec_hand                0x20000404    0x4  Data  Lc  xfail_s.o [3]
selectRow               0x0800377f   0x2c  Code  Gb  main.o [1]
sendCharToDisplay       0x080037ab   0x3a  Code  Gb  main.o [1]
sendCommandToSPI        0x08003675   0x20  Code  Gb  main.o [1]
sprintf                 0x08004d15   0x40  Code  Gb  sprintf.o [3]
strchr                  0x08001211         Code  Gb  strchr.o [5]
strlen                  0x08001289         Code  Gb  strlen.o [5]
ttio_guard              0x20000412    0x1  Data  Lc  XShttio.o [3]
uwTick                  0x20000400    0x4  Data  Gb  stm32f3xx_hal.o [1]


[1] = C:\Users\Ag\Documents\GitHub\Thermometer-on-STM32F3-Discovery\EWARM\lab2-cube32mx\Obj
[2] = command line
[3] = dl7M_tlf.a
[4] = m7M_tls.a
[5] = rt7M_tl.a
[6] = shb_l.a

  24 704 bytes of readonly  code memory
     735 bytes of readonly  data memory
   2 579 bytes of readwrite data memory

Errors: none
Warnings: none
