###############################################################################
#
# IAR ELF Linker V8.20.2.14835/W32 for ARM                22/Feb/2018  11:48:21
# Copyright 2007-2017 IAR Systems AB.
#
#    Output file  =  
#        C:\Users\Ag\Documents\GitHub\Thermometer-on-STM32F3-Discovery\EWARM\lab2-cube32mx\Exe\lab2-cube32mx.out
#    Map file     =  
#        C:\Users\Ag\Documents\GitHub\Thermometer-on-STM32F3-Discovery\EWARM\lab2-cube32mx\List\lab2-cube32mx.map
#    Command line =  
#        -f C:\Users\Ag\AppData\Local\Temp\EWF662.tmp
#        (C:\Users\Ag\Documents\GitHub\Thermometer-on-STM32F3-Discovery\EWARM\lab2-cube32mx\Obj\gpio.o
#        C:\Users\Ag\Documents\GitHub\Thermometer-on-STM32F3-Discovery\EWARM\lab2-cube32mx\Obj\main.o
#        C:\Users\Ag\Documents\GitHub\Thermometer-on-STM32F3-Discovery\EWARM\lab2-cube32mx\Obj\startup_stm32f303xc.o
#        C:\Users\Ag\Documents\GitHub\Thermometer-on-STM32F3-Discovery\EWARM\lab2-cube32mx\Obj\stm32f3xx_hal.o
#        C:\Users\Ag\Documents\GitHub\Thermometer-on-STM32F3-Discovery\EWARM\lab2-cube32mx\Obj\stm32f3xx_hal_cortex.o
#        C:\Users\Ag\Documents\GitHub\Thermometer-on-STM32F3-Discovery\EWARM\lab2-cube32mx\Obj\stm32f3xx_hal_dma.o
#        C:\Users\Ag\Documents\GitHub\Thermometer-on-STM32F3-Discovery\EWARM\lab2-cube32mx\Obj\stm32f3xx_hal_flash.o
#        C:\Users\Ag\Documents\GitHub\Thermometer-on-STM32F3-Discovery\EWARM\lab2-cube32mx\Obj\stm32f3xx_hal_flash_ex.o
#        C:\Users\Ag\Documents\GitHub\Thermometer-on-STM32F3-Discovery\EWARM\lab2-cube32mx\Obj\stm32f3xx_hal_gpio.o
#        C:\Users\Ag\Documents\GitHub\Thermometer-on-STM32F3-Discovery\EWARM\lab2-cube32mx\Obj\stm32f3xx_hal_i2c.o
#        C:\Users\Ag\Documents\GitHub\Thermometer-on-STM32F3-Discovery\EWARM\lab2-cube32mx\Obj\stm32f3xx_hal_i2c_ex.o
#        C:\Users\Ag\Documents\GitHub\Thermometer-on-STM32F3-Discovery\EWARM\lab2-cube32mx\Obj\stm32f3xx_hal_msp.o
#        C:\Users\Ag\Documents\GitHub\Thermometer-on-STM32F3-Discovery\EWARM\lab2-cube32mx\Obj\stm32f3xx_hal_pwr.o
#        C:\Users\Ag\Documents\GitHub\Thermometer-on-STM32F3-Discovery\EWARM\lab2-cube32mx\Obj\stm32f3xx_hal_pwr_ex.o
#        C:\Users\Ag\Documents\GitHub\Thermometer-on-STM32F3-Discovery\EWARM\lab2-cube32mx\Obj\stm32f3xx_hal_rcc.o
#        C:\Users\Ag\Documents\GitHub\Thermometer-on-STM32F3-Discovery\EWARM\lab2-cube32mx\Obj\stm32f3xx_hal_rcc_ex.o
#        C:\Users\Ag\Documents\GitHub\Thermometer-on-STM32F3-Discovery\EWARM\lab2-cube32mx\Obj\stm32f3xx_hal_tim.o
#        C:\Users\Ag\Documents\GitHub\Thermometer-on-STM32F3-Discovery\EWARM\lab2-cube32mx\Obj\stm32f3xx_hal_tim_ex.o
#        C:\Users\Ag\Documents\GitHub\Thermometer-on-STM32F3-Discovery\EWARM\lab2-cube32mx\Obj\stm32f3xx_hal_uart.o
#        C:\Users\Ag\Documents\GitHub\Thermometer-on-STM32F3-Discovery\EWARM\lab2-cube32mx\Obj\stm32f3xx_hal_uart_ex.o
#        C:\Users\Ag\Documents\GitHub\Thermometer-on-STM32F3-Discovery\EWARM\lab2-cube32mx\Obj\stm32f3xx_it.o
#        C:\Users\Ag\Documents\GitHub\Thermometer-on-STM32F3-Discovery\EWARM\lab2-cube32mx\Obj\system_stm32f3xx.o
#        C:\Users\Ag\Documents\GitHub\Thermometer-on-STM32F3-Discovery\EWARM\lab2-cube32mx\Obj\tim.o
#        C:\Users\Ag\Documents\GitHub\Thermometer-on-STM32F3-Discovery\EWARM\lab2-cube32mx\Obj\usart.o
#        --redirect _Printf=_PrintfFull --redirect _Scanf=_ScanfFull -o
#        C:\Users\Ag\Documents\GitHub\Thermometer-on-STM32F3-Discovery\EWARM\lab2-cube32mx\Exe\lab2-cube32mx.out
#        --map
#        C:\Users\Ag\Documents\GitHub\Thermometer-on-STM32F3-Discovery\EWARM\lab2-cube32mx\List\lab2-cube32mx.map
#        --config
#        C:\Users\Ag\Documents\GitHub\Thermometer-on-STM32F3-Discovery\EWARM/stm32f303xc_flash.icf
#        --semihosting --entry __iar_program_start --vfe --text_out locale)
#
###############################################################################

*******************************************************************************
*** RUNTIME MODEL ATTRIBUTES
***

CppFlavor       = *
__SystemLibrary = DLib
__dlib_version  = 6


*******************************************************************************
*** HEAP SELECTION
***

The basic heap was selected because some modules are built with
size limitations (and not runtime checking), and --advanced_heap
was not specified.


*******************************************************************************
*** PLACEMENT SUMMARY
***

"A0":  place at 0x08000000 { ro section .intvec };
"P1":  place in [from 0x08000000 to 0x0803ffff] { ro };
define block CSTACK with size = 1K, alignment = 8 { };
define block HEAP with size = 512, alignment = 8 { };
"P2":  place in [from 0x20000000 to 0x20009fff] {
          rw, block CSTACK, block HEAP };
initialize by copy { rw };

  Section            Kind        Address    Size  Object
  -------            ----        -------    ----  ------
"A0":                                      0x188
  .intvec            ro code  0x08000000   0x188  startup_stm32f303xc.o [1]
                            - 0x08000188   0x188

"P1":                                     0x20c0
  .text              ro code  0x08000188   0x6d6  stm32f3xx_hal_uart.o [1]
  .text              ro code  0x08000860    0xec  usart.o [1]
  .text              ro code  0x0800094c    0x4a  stm32f3xx_hal_dma.o [1]
  .text              ro code  0x08000996     0x2  stm32f3xx_hal_uart.o [1]
  .text              ro code  0x08000998     0x2  stm32f3xx_hal_uart_ex.o [1]
  .text              ro code  0x0800099c   0x4dc  stm32f3xx_hal_rcc.o [1]
  .text              ro code  0x08000e78     0xc  stm32f3xx_hal.o [1]
  .text              ro code  0x08000e84   0x11a  main.o [1]
  .text              ro code  0x08000fa0   0x1cc  stm32f3xx_hal_gpio.o [1]
  .text              ro code  0x0800116c    0xe6  stm32f3xx_hal_cortex.o [1]
  .text              ro code  0x08001254    0x28  stm32f3xx_hal.o [1]
  .text              ro code  0x0800127c   0x6ce  stm32f3xx_hal_tim.o [1]
  .text              ro code  0x0800194c    0x24  stm32f3xx_hal.o [1]
  .text              ro code  0x08001970   0x1b8  gpio.o [1]
  .text              ro code  0x08001b28   0x170  tim.o [1]
  .text              ro code  0x08001c98   0x1b8  stm32f3xx_hal_rcc_ex.o [1]
  .text              ro code  0x08001e50     0x2  stm32f3xx_hal_tim.o [1]
  .text              ro code  0x08001e52     0x2  stm32f3xx_hal_tim.o [1]
  .text              ro code  0x08001e54     0x2  stm32f3xx_hal_tim.o [1]
  .text              ro code  0x08001e56     0x2  stm32f3xx_hal_tim_ex.o [1]
  .text              ro code  0x08001e58     0x2  stm32f3xx_hal_tim_ex.o [1]
  .text              ro code  0x08001e5a     0x2  stm32f3xx_hal_tim.o [1]
  .text              ro code  0x08001e5c     0x2  stm32f3xx_hal_tim_ex.o [1]
  .text              ro code  0x08001e5e     0x2  stm32f3xx_hal_tim.o [1]
  .text              ro code  0x08001e60    0x78  stm32f3xx_hal_msp.o [1]
  .text              ro code  0x08001ed8    0x58  stm32f3xx_hal_tim_ex.o [1]
  .text              ro code  0x08001f30    0x7c  system_stm32f3xx.o [1]
  .text              ro code  0x08001fac    0x40  zero_init3.o [5]
  .text              ro code  0x08001fec    0x2c  copy_init3.o [5]
  .text              ro code  0x08002018    0x28  stm32f3xx_it.o [1]
  .text              ro code  0x08002040    0x10  stm32f3xx_hal.o [1]
  .text              ro code  0x08002050    0x28  data_init.o [5]
  .text              ro code  0x08002078    0x22  fpinit_M.o [4]
  .iar.init_table    const    0x0800209c    0x24  - Linker created -
  .text              ro code  0x080020c0    0x1e  cmain.o [5]
  .text              ro code  0x080020de     0x4  low_level_init.o [3]
  .text              ro code  0x080020e2     0x4  exit.o [3]
  .text              ro code  0x080020e8     0xa  cexit.o [5]
  .text              ro code  0x080020f4    0x14  exit.o [6]
  .text              ro code  0x08002108    0x10  startup_stm32f303xc.o [1]
  .text              ro code  0x08002118     0xc  cstartup_M.o [5]
  .rodata            const    0x08002124     0x8  system_stm32f3xx.o [1]
  .text              ro code  0x0800212c     0x4  startup_stm32f303xc.o [1]
  .text              ro code  0x08002130     0x4  startup_stm32f303xc.o [1]
  .text              ro code  0x08002134     0x4  startup_stm32f303xc.o [1]
  .text              ro code  0x08002138     0x4  startup_stm32f303xc.o [1]
  .text              ro code  0x0800213c     0x4  startup_stm32f303xc.o [1]
  .text              ro code  0x08002140     0x4  startup_stm32f303xc.o [1]
  .text              ro code  0x08002144     0x4  startup_stm32f303xc.o [1]
  .text              ro code  0x08002148     0x4  startup_stm32f303xc.o [1]
  .text              ro code  0x0800214c     0x4  startup_stm32f303xc.o [1]
  .text              ro code  0x08002150     0x4  startup_stm32f303xc.o [1]
  .text              ro code  0x08002154     0x4  startup_stm32f303xc.o [1]
  .text              ro code  0x08002158     0x4  startup_stm32f303xc.o [1]
  .text              ro code  0x0800215c     0x4  startup_stm32f303xc.o [1]
  .text              ro code  0x08002160     0x4  startup_stm32f303xc.o [1]
  .text              ro code  0x08002164     0x4  startup_stm32f303xc.o [1]
  .text              ro code  0x08002168     0x4  startup_stm32f303xc.o [1]
  .text              ro code  0x0800216c     0x4  startup_stm32f303xc.o [1]
  .text              ro code  0x08002170     0x4  startup_stm32f303xc.o [1]
  .text              ro code  0x08002174     0x4  startup_stm32f303xc.o [1]
  .text              ro code  0x08002178     0x4  startup_stm32f303xc.o [1]
  .text              ro code  0x0800217c     0x4  startup_stm32f303xc.o [1]
  .text              ro code  0x08002180     0x4  startup_stm32f303xc.o [1]
  .text              ro code  0x08002184     0x4  startup_stm32f303xc.o [1]
  .text              ro code  0x08002188     0x4  startup_stm32f303xc.o [1]
  .text              ro code  0x0800218c     0x4  startup_stm32f303xc.o [1]
  .text              ro code  0x08002190     0x4  startup_stm32f303xc.o [1]
  .text              ro code  0x08002194     0x4  startup_stm32f303xc.o [1]
  .text              ro code  0x08002198     0x4  startup_stm32f303xc.o [1]
  .text              ro code  0x0800219c     0x4  startup_stm32f303xc.o [1]
  .text              ro code  0x080021a0     0x4  startup_stm32f303xc.o [1]
  .text              ro code  0x080021a4     0x4  startup_stm32f303xc.o [1]
  .text              ro code  0x080021a8     0x4  startup_stm32f303xc.o [1]
  .text              ro code  0x080021ac     0x4  startup_stm32f303xc.o [1]
  .text              ro code  0x080021b0     0x4  startup_stm32f303xc.o [1]
  .text              ro code  0x080021b4     0x4  startup_stm32f303xc.o [1]
  .text              ro code  0x080021b8     0x4  startup_stm32f303xc.o [1]
  .text              ro code  0x080021bc     0x4  startup_stm32f303xc.o [1]
  .text              ro code  0x080021c0     0x4  startup_stm32f303xc.o [1]
  .text              ro code  0x080021c4     0x4  startup_stm32f303xc.o [1]
  .text              ro code  0x080021c8     0x4  startup_stm32f303xc.o [1]
  .text              ro code  0x080021cc     0x4  startup_stm32f303xc.o [1]
  .text              ro code  0x080021d0     0x4  startup_stm32f303xc.o [1]
  .text              ro code  0x080021d4     0x4  startup_stm32f303xc.o [1]
  .text              ro code  0x080021d8     0x4  startup_stm32f303xc.o [1]
  .text              ro code  0x080021dc     0x4  startup_stm32f303xc.o [1]
  .text              ro code  0x080021e0     0x4  startup_stm32f303xc.o [1]
  .text              ro code  0x080021e4     0x4  startup_stm32f303xc.o [1]
  .text              ro code  0x080021e8     0x4  startup_stm32f303xc.o [1]
  .text              ro code  0x080021ec     0x4  startup_stm32f303xc.o [1]
  .text              ro code  0x080021f0     0x4  startup_stm32f303xc.o [1]
  .text              ro code  0x080021f4     0x4  startup_stm32f303xc.o [1]
  .text              ro code  0x080021f8     0x4  startup_stm32f303xc.o [1]
  .text              ro code  0x080021fc     0x4  startup_stm32f303xc.o [1]
  .text              ro code  0x08002200     0x4  startup_stm32f303xc.o [1]
  .text              ro code  0x08002204     0x4  startup_stm32f303xc.o [1]
  .text              ro code  0x08002208     0x4  startup_stm32f303xc.o [1]
  .text              ro code  0x0800220c     0x4  startup_stm32f303xc.o [1]
  .text              ro code  0x08002210     0x4  startup_stm32f303xc.o [1]
  .text              ro code  0x08002214     0x4  startup_stm32f303xc.o [1]
  .text              ro code  0x08002218     0x4  startup_stm32f303xc.o [1]
  .text              ro code  0x0800221c     0x4  startup_stm32f303xc.o [1]
  .text              ro code  0x08002220     0x4  startup_stm32f303xc.o [1]
  .text              ro code  0x08002224     0x4  startup_stm32f303xc.o [1]
  .text              ro code  0x08002228     0x4  startup_stm32f303xc.o [1]
  .text              ro code  0x0800222c     0x4  startup_stm32f303xc.o [1]
  .text              ro code  0x08002230     0x4  startup_stm32f303xc.o [1]
  .text              ro code  0x08002234     0x4  startup_stm32f303xc.o [1]
  .text              ro code  0x08002238     0x4  startup_stm32f303xc.o [1]
  .text              ro code  0x0800223c     0x4  startup_stm32f303xc.o [1]
  .text              ro code  0x08002240     0x4  startup_stm32f303xc.o [1]
  Initializer bytes  const    0x08002244     0x4  <for P2-1>
  .rodata            const    0x08002248     0x0  zero_init3.o [5]
  .rodata            const    0x08002248     0x0  copy_init3.o [5]
                            - 0x08002248  0x20c0

"P2", part 1 of 3:                           0x4
  P2-1                        0x20000000     0x4  <Init block>
    .data            inited   0x20000000     0x4  system_stm32f3xx.o [1]
                            - 0x20000004     0x4

"P2", part 2 of 3:                          0xb8
  .bss               zero     0x20000004    0x70  usart.o [1]
  .bss               zero     0x20000074    0x40  tim.o [1]
  .bss               zero     0x200000b4     0x4  stm32f3xx_hal.o [1]
  .bss               zero     0x200000b8     0x2  main.o [1]
                            - 0x200000ba    0xb6

"P2", part 3 of 3:                         0x400
  CSTACK                      0x200000c0   0x400  <Block>
    CSTACK           uninit   0x200000c0   0x400  <Block tail>
                            - 0x200004c0   0x400


*******************************************************************************
*** INIT TABLE
***

          Address     Size
          -------     ----
Zero (__iar_zero_init3)
    1 destination range, total size 0xb6:
          0x20000004  0xb6

Copy (__iar_copy_init3)
    1 source range, total size 0x4:
          0x08002244   0x4
    1 destination range, total size 0x4:
          0x20000000   0x4



*******************************************************************************
*** MODULE SUMMARY
***

    Module                   ro code  ro data  rw data
    ------                   -------  -------  -------
C:\Users\Ag\Documents\GitHub\Thermometer-on-STM32F3-Discovery\EWARM\lab2-cube32mx\Obj: [1]
    gpio.o                       440
    main.o                       282                 2
    startup_stm32f303xc.o        688
    stm32f3xx_hal.o              104                 4
    stm32f3xx_hal_cortex.o       230
    stm32f3xx_hal_dma.o           74
    stm32f3xx_hal_gpio.o         460
    stm32f3xx_hal_msp.o          120
    stm32f3xx_hal_rcc.o        1 244
    stm32f3xx_hal_rcc_ex.o       440
    stm32f3xx_hal_tim.o        1 752
    stm32f3xx_hal_tim_ex.o        94
    stm32f3xx_hal_uart.o       1 752
    stm32f3xx_hal_uart_ex.o        2
    stm32f3xx_it.o                40
    system_stm32f3xx.o           124       12        4
    tim.o                        368                64
    usart.o                      236               112
    --------------------------------------------------
    Total:                     8 450       12      186

command line: [2]
    --------------------------------------------------
    Total:

dl7M_tlf.a: [3]
    exit.o                         4
    low_level_init.o               4
    --------------------------------------------------
    Total:                         8

m7M_tls.a: [4]
    fpinit_M.o                    34
    --------------------------------------------------
    Total:                        34

rt7M_tl.a: [5]
    cexit.o                       10
    cmain.o                       30
    copy_init3.o                  44
    cstartup_M.o                  12
    data_init.o                   40
    zero_init3.o                  64
    --------------------------------------------------
    Total:                       200

shb_l.a: [6]
    exit.o                        20
    --------------------------------------------------
    Total:                        20

    Gaps                          14        2
    Linker created                         36    1 024
------------------------------------------------------
    Grand Total:               8 726       50    1 210


*******************************************************************************
*** ENTRY LIST
***

Entry                      Address   Size  Type      Object
-----                      -------   ----  ----      ------
.iar.init_table$$Base   0x0800209c          --   Gb  - Linker created -
.iar.init_table$$Limit  0x080020c0          --   Gb  - Linker created -
?main                   0x080020c1         Code  Gb  cmain.o [5]
AHBPrescTable           0x08001f9c   0x10  Data  Gb  system_stm32f3xx.o [1]
APBPrescTable           0x08002124    0x8  Data  Gb  system_stm32f3xx.o [1]
CSTACK$$Base            0x200000c0          --   Gb  - Linker created -
CSTACK$$Limit           0x200004c0          --   Gb  - Linker created -
HAL_DMA_Abort_IT        0x0800094d   0x4a  Code  Gb  stm32f3xx_hal_dma.o [1]
HAL_GPIO_Init           0x08000fa1  0x1a0  Code  Gb  stm32f3xx_hal_gpio.o [1]
HAL_GPIO_WritePin       0x08001141    0xe  Code  Gb  stm32f3xx_hal_gpio.o [1]
HAL_GetTick             0x08000e79    0xc  Code  Wk  stm32f3xx_hal.o [1]
HAL_IncTick             0x08002041   0x10  Code  Wk  stm32f3xx_hal.o [1]
HAL_Init                0x0800194d   0x20  Code  Gb  stm32f3xx_hal.o [1]
HAL_InitTick            0x08001255   0x28  Code  Wk  stm32f3xx_hal.o [1]
HAL_MspInit             0x08001e61   0x78  Code  Gb  stm32f3xx_hal_msp.o [1]
HAL_NVIC_EnableIRQ      0x080011df    0xa  Code  Gb  stm32f3xx_hal_cortex.o [1]
HAL_NVIC_SetPriority    0x080011a5   0x3a  Code  Gb  stm32f3xx_hal_cortex.o [1]
HAL_NVIC_SetPriorityGrouping
                        0x0800118b   0x1a  Code  Gb  stm32f3xx_hal_cortex.o [1]
HAL_RCCEx_PeriphCLKConfig
                        0x08001c99  0x1aa  Code  Gb  stm32f3xx_hal_rcc_ex.o [1]
HAL_RCC_ClockConfig     0x08000c9b  0x110  Code  Gb  stm32f3xx_hal_rcc.o [1]
HAL_RCC_GetHCLKFreq     0x08000e03    0x6  Code  Gb  stm32f3xx_hal_rcc.o [1]
HAL_RCC_GetPCLK1Freq    0x08000e09   0x10  Code  Gb  stm32f3xx_hal_rcc.o [1]
HAL_RCC_GetPCLK2Freq    0x08000e19    0xe  Code  Gb  stm32f3xx_hal_rcc.o [1]
HAL_RCC_GetSysClockFreq
                        0x08000dc9   0x3a  Code  Gb  stm32f3xx_hal_rcc.o [1]
HAL_RCC_OscConfig       0x0800099d  0x2d8  Code  Gb  stm32f3xx_hal_rcc.o [1]
HAL_SYSTICK_CLKSourceConfig
                        0x0800121b   0x1a  Code  Gb  stm32f3xx_hal_cortex.o [1]
HAL_SYSTICK_Config      0x080011f3   0x28  Code  Gb  stm32f3xx_hal_cortex.o [1]
HAL_SYSTICK_IRQHandler  0x0800124d    0x4  Code  Gb  stm32f3xx_hal_cortex.o [1]
HAL_TIMEx_Break2Callback
                        0x08001e59    0x2  Code  Wk  stm32f3xx_hal_tim_ex.o [1]
HAL_TIMEx_BreakCallback
                        0x08001e57    0x2  Code  Wk  stm32f3xx_hal_tim_ex.o [1]
HAL_TIMEx_CommutationCallback
                        0x08001e5d    0x2  Code  Wk  stm32f3xx_hal_tim_ex.o [1]
HAL_TIMEx_MasterConfigSynchronization
                        0x08001ed9   0x44  Code  Gb  stm32f3xx_hal_tim_ex.o [1]
HAL_TIM_Base_Init       0x0800127d   0x1a  Code  Gb  stm32f3xx_hal_tim.o [1]
HAL_TIM_Base_MspInit    0x08001bf3   0x54  Code  Gb  tim.o [1]
HAL_TIM_ConfigClockSource
                        0x080015b9   0xb4  Code  Gb  stm32f3xx_hal_tim.o [1]
HAL_TIM_IC_CaptureCallback
                        0x08000e91   0x20  Code  Gb  main.o [1]
HAL_TIM_IC_ConfigChannel
                        0x080014a1  0x118  Code  Gb  stm32f3xx_hal_tim.o [1]
HAL_TIM_IC_Init         0x080012c9   0x1a  Code  Gb  stm32f3xx_hal_tim.o [1]
HAL_TIM_IC_Start_IT     0x080012f3   0x38  Code  Gb  stm32f3xx_hal_tim.o [1]
HAL_TIM_IRQHandler      0x0800133f  0x15c  Code  Gb  stm32f3xx_hal_tim.o [1]
HAL_TIM_ReadCapturedValue
                        0x080016c9   0x44  Code  Gb  stm32f3xx_hal_tim.o [1]
HAL_TIM_SlaveConfigSynchronization
                        0x08001681   0x1a  Code  Gb  stm32f3xx_hal_tim.o [1]
HAL_UARTEx_WakeupCallback
                        0x08000999    0x2  Code  Wk  stm32f3xx_hal_uart_ex.o [1]
HAL_UART_IRQHandler     0x080002b7  0x132  Code  Gb  stm32f3xx_hal_uart.o [1]
HAL_UART_Init           0x08000189   0x30  Code  Gb  stm32f3xx_hal_uart.o [1]
HAL_UART_MspInit        0x0800089b   0x54  Code  Gb  usart.o [1]
HAL_UART_Receive_IT     0x08000249   0x68  Code  Gb  stm32f3xx_hal_uart.o [1]
HAL_UART_RxCpltCallback
                        0x08000e87    0x2  Code  Gb  main.o [1]
HAL_UART_Transmit_IT    0x08000209   0x40  Code  Gb  stm32f3xx_hal_uart.o [1]
HAL_UART_TxCpltCallback
                        0x08000e85    0x2  Code  Gb  main.o [1]
MX_GPIO_Init            0x08001971  0x176  Code  Gb  gpio.o [1]
MX_TIM2_Init            0x08001b29   0xc4  Code  Gb  tim.o [1]
MX_USART3_UART_Init     0x08000861   0x3a  Code  Gb  usart.o [1]
NVIC_SetPriority        0x0800116d   0x1e  Code  Lc  stm32f3xx_hal_cortex.o [1]
PendSV_Handler          0x0800201b    0x2  Code  Gb  stm32f3xx_it.o [1]
RXBuffer                0x200000b9    0x1  Data  Gb  main.o [1]
Region$$Table$$Base     0x0800209c          --   Gb  - Linker created -
Region$$Table$$Limit    0x080020c0          --   Gb  - Linker created -
SVC_Handler             0x08002019    0x2  Code  Gb  stm32f3xx_it.o [1]
SysTick_Handler         0x0800201d    0xe  Code  Gb  stm32f3xx_it.o [1]
SystemClock_Config      0x08000f19   0x84  Code  Gb  main.o [1]
SystemCoreClock         0x20000000    0x4  Data  Gb  system_stm32f3xx.o [1]
SystemInit              0x08001f31   0x52  Code  Gb  system_stm32f3xx.o [1]
TIM2_IRQHandler         0x0800202b    0x6  Code  Gb  stm32f3xx_it.o [1]
TIM_Base_SetConfig      0x0800170d   0x96  Code  Gb  stm32f3xx_hal_tim.o [1]
TIM_CCxChannelCmd       0x08001933   0x12  Code  Gb  stm32f3xx_hal_tim.o [1]
TIM_ETR_SetConfig       0x0800191f   0x14  Code  Gb  stm32f3xx_hal_tim.o [1]
TIM_ITRx_SetConfig      0x0800190f   0x10  Code  Lc  stm32f3xx_hal_tim.o [1]
TIM_SlaveTimer_SetConfig
                        0x080017a9   0x6e  Code  Lc  stm32f3xx_hal_tim.o [1]
TIM_TI1_ConfigInputStage
                        0x08001899   0x1e  Code  Lc  stm32f3xx_hal_tim.o [1]
TIM_TI1_SetConfig       0x08001817   0x5a  Code  Gb  stm32f3xx_hal_tim.o [1]
TIM_TI2_ConfigInputStage
                        0x080018eb   0x24  Code  Lc  stm32f3xx_hal_tim.o [1]
TIM_TI2_SetConfig       0x080018b7   0x34  Code  Lc  stm32f3xx_hal_tim.o [1]
UART_AdvFeatureConfig   0x080005c5   0xc6  Code  Gb  stm32f3xx_hal_uart.o [1]
UART_CheckIdleState     0x0800068b   0x5a  Code  Gb  stm32f3xx_hal_uart.o [1]
UART_DMAAbortOnError    0x08000765   0x10  Code  Lc  stm32f3xx_hal_uart.o [1]
UART_EndRxTransfer      0x08000749   0x1c  Code  Lc  stm32f3xx_hal_uart.o [1]
UART_EndTransmit_IT     0x080007d7   0x1a  Code  Gb  stm32f3xx_hal_uart.o [1]
UART_Receive_IT         0x080007f1   0x6e  Code  Gb  stm32f3xx_hal_uart.o [1]
UART_SetConfig          0x080003f5  0x1ac  Code  Gb  stm32f3xx_hal_uart.o [1]
UART_Transmit_IT        0x08000775   0x62  Code  Gb  stm32f3xx_hal_uart.o [1]
UART_WaitOnFlagUntilTimeout
                        0x080006e5   0x58  Code  Gb  stm32f3xx_hal_uart.o [1]
USART3_IRQHandler       0x08002031    0x6  Code  Gb  stm32f3xx_it.o [1]
UartReady               0x200000b8    0x1  Data  Gb  main.o [1]
_Error_Handler          0x08000f9d    0x2  Code  Gb  main.o [1]
__cmain                 0x080020c1         Code  Gb  cmain.o [5]
__exit                  0x080020f5   0x14  Code  Gb  exit.o [6]
__iar_copy_init3        0x08001fed   0x2c  Code  Gb  copy_init3.o [5]
__iar_data_init3        0x08002051   0x28  Code  Gb  data_init.o [5]
__iar_init_vfp          0x08002079         Code  Gb  fpinit_M.o [4]
__iar_program_start     0x08002119         Code  Gb  cstartup_M.o [5]
__iar_systems$$module {Abs}
                        0x00000001         Data  Gb  command line/config [2]
__iar_zero_init3        0x08001fad   0x40  Code  Gb  zero_init3.o [5]
__low_level_init        0x080020df    0x4  Code  Gb  low_level_init.o [3]
__vector_table          0x08000000         Data  Gb  startup_stm32f303xc.o [1]
_call_main              0x080020cd         Code  Gb  cmain.o [5]
_exit                   0x080020e9         Code  Gb  cexit.o [5]
_main                   0x080020db         Code  Gb  cmain.o [5]
aPLLMULFactorTable      0x08000e58   0x10  Data  Gb  stm32f3xx_hal_rcc.o [1]
aPredivFactorTable      0x08000e68   0x10  Data  Gb  stm32f3xx_hal_rcc.o [1]
exit                    0x080020e3    0x4  Code  Gb  exit.o [3]
htim2                   0x20000074   0x40  Data  Gb  tim.o [1]
huart3                  0x20000004   0x70  Data  Gb  usart.o [1]
main                    0x08000eb1   0x4e  Code  Gb  main.o [1]
uwTick                  0x200000b4    0x4  Data  Gb  stm32f3xx_hal.o [1]


[1] = C:\Users\Ag\Documents\GitHub\Thermometer-on-STM32F3-Discovery\EWARM\lab2-cube32mx\Obj
[2] = command line
[3] = dl7M_tlf.a
[4] = m7M_tls.a
[5] = rt7M_tl.a
[6] = shb_l.a

  8 726 bytes of readonly  code memory
     50 bytes of readonly  data memory
  1 210 bytes of readwrite data memory

Errors: none
Warnings: none
