###############################################################################
#
# IAR ELF Linker V8.20.2.14835/W32 for ARM                10/Apr/2018  15:41:23
# Copyright 2007-2017 IAR Systems AB.
#
#    Output file  =  
#        C:\Users\Ag\Documents\GitHub\Thermometer-on-STM32F3-Discovery\EWARM\LabbRTOS\Exe\LabbRTOS.out
#    Map file     =  
#        C:\Users\Ag\Documents\GitHub\Thermometer-on-STM32F3-Discovery\EWARM\LabbRTOS\List\LabbRTOS.map
#    Command line =  
#        -f C:\Users\Ag\AppData\Local\Temp\EWAB35.tmp
#        (C:\Users\Ag\Documents\GitHub\Thermometer-on-STM32F3-Discovery\EWARM\LabbRTOS\Obj\cmsis_os.o
#        C:\Users\Ag\Documents\GitHub\Thermometer-on-STM32F3-Discovery\EWARM\LabbRTOS\Obj\croutine.o
#        C:\Users\Ag\Documents\GitHub\Thermometer-on-STM32F3-Discovery\EWARM\LabbRTOS\Obj\event_groups.o
#        C:\Users\Ag\Documents\GitHub\Thermometer-on-STM32F3-Discovery\EWARM\LabbRTOS\Obj\freertos.o
#        C:\Users\Ag\Documents\GitHub\Thermometer-on-STM32F3-Discovery\EWARM\LabbRTOS\Obj\gpio.o
#        C:\Users\Ag\Documents\GitHub\Thermometer-on-STM32F3-Discovery\EWARM\LabbRTOS\Obj\heap_4.o
#        C:\Users\Ag\Documents\GitHub\Thermometer-on-STM32F3-Discovery\EWARM\LabbRTOS\Obj\list.o
#        C:\Users\Ag\Documents\GitHub\Thermometer-on-STM32F3-Discovery\EWARM\LabbRTOS\Obj\main.o
#        C:\Users\Ag\Documents\GitHub\Thermometer-on-STM32F3-Discovery\EWARM\LabbRTOS\Obj\port.o
#        C:\Users\Ag\Documents\GitHub\Thermometer-on-STM32F3-Discovery\EWARM\LabbRTOS\Obj\portasm.o
#        C:\Users\Ag\Documents\GitHub\Thermometer-on-STM32F3-Discovery\EWARM\LabbRTOS\Obj\queue.o
#        C:\Users\Ag\Documents\GitHub\Thermometer-on-STM32F3-Discovery\EWARM\LabbRTOS\Obj\startup_stm32f303xc.o
#        C:\Users\Ag\Documents\GitHub\Thermometer-on-STM32F3-Discovery\EWARM\LabbRTOS\Obj\stm32f3xx_hal.o
#        C:\Users\Ag\Documents\GitHub\Thermometer-on-STM32F3-Discovery\EWARM\LabbRTOS\Obj\stm32f3xx_hal_cortex.o
#        C:\Users\Ag\Documents\GitHub\Thermometer-on-STM32F3-Discovery\EWARM\LabbRTOS\Obj\stm32f3xx_hal_dma.o
#        C:\Users\Ag\Documents\GitHub\Thermometer-on-STM32F3-Discovery\EWARM\LabbRTOS\Obj\stm32f3xx_hal_flash.o
#        C:\Users\Ag\Documents\GitHub\Thermometer-on-STM32F3-Discovery\EWARM\LabbRTOS\Obj\stm32f3xx_hal_flash_ex.o
#        C:\Users\Ag\Documents\GitHub\Thermometer-on-STM32F3-Discovery\EWARM\LabbRTOS\Obj\stm32f3xx_hal_gpio.o
#        C:\Users\Ag\Documents\GitHub\Thermometer-on-STM32F3-Discovery\EWARM\LabbRTOS\Obj\stm32f3xx_hal_i2c.o
#        C:\Users\Ag\Documents\GitHub\Thermometer-on-STM32F3-Discovery\EWARM\LabbRTOS\Obj\stm32f3xx_hal_i2c_ex.o
#        C:\Users\Ag\Documents\GitHub\Thermometer-on-STM32F3-Discovery\EWARM\LabbRTOS\Obj\stm32f3xx_hal_msp.o
#        C:\Users\Ag\Documents\GitHub\Thermometer-on-STM32F3-Discovery\EWARM\LabbRTOS\Obj\stm32f3xx_hal_pwr.o
#        C:\Users\Ag\Documents\GitHub\Thermometer-on-STM32F3-Discovery\EWARM\LabbRTOS\Obj\stm32f3xx_hal_pwr_ex.o
#        C:\Users\Ag\Documents\GitHub\Thermometer-on-STM32F3-Discovery\EWARM\LabbRTOS\Obj\stm32f3xx_hal_rcc.o
#        C:\Users\Ag\Documents\GitHub\Thermometer-on-STM32F3-Discovery\EWARM\LabbRTOS\Obj\stm32f3xx_hal_rcc_ex.o
#        C:\Users\Ag\Documents\GitHub\Thermometer-on-STM32F3-Discovery\EWARM\LabbRTOS\Obj\stm32f3xx_hal_tim.o
#        C:\Users\Ag\Documents\GitHub\Thermometer-on-STM32F3-Discovery\EWARM\LabbRTOS\Obj\stm32f3xx_hal_tim_ex.o
#        C:\Users\Ag\Documents\GitHub\Thermometer-on-STM32F3-Discovery\EWARM\LabbRTOS\Obj\stm32f3xx_hal_timebase_TIM.o
#        C:\Users\Ag\Documents\GitHub\Thermometer-on-STM32F3-Discovery\EWARM\LabbRTOS\Obj\stm32f3xx_it.o
#        C:\Users\Ag\Documents\GitHub\Thermometer-on-STM32F3-Discovery\EWARM\LabbRTOS\Obj\system_stm32f3xx.o
#        C:\Users\Ag\Documents\GitHub\Thermometer-on-STM32F3-Discovery\EWARM\LabbRTOS\Obj\tasks.o
#        C:\Users\Ag\Documents\GitHub\Thermometer-on-STM32F3-Discovery\EWARM\LabbRTOS\Obj\timers.o
#        --redirect _Printf=_PrintfFull --redirect _Scanf=_ScanfFull -o
#        C:\Users\Ag\Documents\GitHub\Thermometer-on-STM32F3-Discovery\EWARM\LabbRTOS\Exe\LabbRTOS.out
#        --map
#        C:\Users\Ag\Documents\GitHub\Thermometer-on-STM32F3-Discovery\EWARM\LabbRTOS\List\LabbRTOS.map
#        --config
#        C:\Users\Ag\Documents\GitHub\Thermometer-on-STM32F3-Discovery\EWARM/stm32f303xc_flash.icf
#        --semihosting --entry __iar_program_start --vfe --text_out locale)
#
###############################################################################

*******************************************************************************
*** RUNTIME MODEL ATTRIBUTES
***

CppFlavor       = *
__Heap_Handler  = Basic
__SystemLibrary = DLib
__dlib_version  = 6


*******************************************************************************
*** HEAP SELECTION
***

The basic heap was selected because some modules are built with
size limitations (and not runtime checking), and --advanced_heap
was not specified.


*******************************************************************************
*** PLACEMENT SUMMARY
***

"A0":  place at 0x08000000 { ro section .intvec };
"P1":  place in [from 0x08000000 to 0x0803ffff] { ro };
define block CSTACK with size = 1K, alignment = 8 { };
define block HEAP with size = 512, alignment = 8 { };
"P2":  place in [from 0x20000000 to 0x20009fff] {
          rw, block CSTACK, block HEAP };
initialize by copy { rw };

  Section            Kind        Address    Size  Object
  -------            ----        -------    ----  ------
"A0":                                      0x188
  .intvec            ro code  0x08000000   0x188  startup_stm32f303xc.o [1]
                            - 0x08000188   0x188

"P1":                                     0x416a
  .text              ro code  0x08000188   0xf96  xprintffull.o [3]
  .text              ro code  0x0800111e    0x7a  lz77_init_single.o [5]
  .text              ro code  0x08001198    0x78  xlocale_c.o [3]
  .text              ro code  0x08001210    0x16  strchr.o [5]
  .text              ro code  0x08001226    0x1e  xencoding_8859_1.o [3]
  .text              ro code  0x08001244    0x44  xfail_s.o [3]
  .text              ro code  0x08001288    0x36  strlen.o [5]
  .text              ro code  0x080012c0    0x58  memchr.o [5]
  .text              ro code  0x08001318     0xa  xmbcurmax.o [3]
  .text              ro code  0x08001324    0xa6  ABImemcpy.o [5]
  .text              ro code  0x080013cc   0x22e  I64DivMod.o [5]
  .text              ro code  0x080015fc   0x1a2  DblMul.o [4]
  .text              ro code  0x080017a0    0x70  frexp.o [4]
  .text              ro code  0x08001810    0x2e  DblCmpLe.o [4]
  .text              ro code  0x08001840    0x2e  DblCmpGe.o [4]
  .text              ro code  0x08001870   0x13a  ldexp.o [4]
  .text              ro code  0x080019ac    0x3a  DblToS32.o [4]
  .text              ro code  0x080019e8    0x22  S32ToDbl.o [4]
  .text              ro code  0x08001a0c    0xe2  DblSub.o [4]
  .text              ro code  0x08001af0   0x246  DblDiv.o [4]
  .text              ro code  0x08001d38    0x28  DblToU32.o [4]
  .text              ro code  0x08001d60    0x1a  U32ToDbl.o [4]
  .text              ro code  0x08001d7a     0x6  abort.o [3]
  .text              ro code  0x08001d80     0x2  I64DivZer.o [5]
  .text              ro code  0x08001d84   0x168  DblAdd.o [4]
  .text              ro code  0x08001eec    0x14  exit.o [6]
  .text              ro code  0x08001f00    0x7c  iarttio.o [6]
  .text              ro code  0x08001f7c    0x3c  XShttio.o [3]
  .text              ro code  0x08001fb8   0x540  tasks.o [1]
  .text              ro code  0x080024f8   0x1b4  heap_4.o [1]
  .text              ro code  0x080026ac    0x8e  list.o [1]
  .text              ro code  0x0800273c   0x1a0  port.o [1]
  CODE               ro code  0x080028dc    0xa8  portasm.o [1]
  .text              ro code  0x08002984   0x504  stm32f3xx_hal_rcc.o [1]
  .text              ro code  0x08002e88     0xc  stm32f3xx_hal.o [1]
  .text              ro code  0x08002e94    0x78  stm32f3xx_hal_timebase_TIM.o [1]
  .text              ro code  0x08002f0c    0xe0  stm32f3xx_hal_cortex.o [1]
  .text              ro code  0x08002fec   0x26e  stm32f3xx_hal_tim.o [1]
  .text              ro code  0x0800325a     0x2  stm32f3xx_hal_tim.o [1]
  .text              ro code  0x0800325c     0x2  stm32f3xx_hal_tim.o [1]
  .text              ro code  0x08003260    0x9c  main.o [1]
  .text              ro code  0x080032fc     0x2  stm32f3xx_hal_tim_ex.o [1]
  .text              ro code  0x080032fe     0x2  stm32f3xx_hal_tim_ex.o [1]
  .text              ro code  0x08003300     0x2  stm32f3xx_hal_tim.o [1]
  .text              ro code  0x08003302     0x2  stm32f3xx_hal_tim_ex.o [1]
  .text              ro code  0x08003304     0x2  stm32f3xx_hal_tim.o [1]
  .text              ro code  0x08003308    0x24  stm32f3xx_hal.o [1]
  .text              ro code  0x0800332c   0x114  gpio.o [1]
  .text              ro code  0x08003440   0x128  freertos.o [1]
  .text              ro code  0x08003568    0x66  cmsis_os.o [1]
  .text              ro code  0x080035d0    0x10  stm32f3xx_hal.o [1]
  .text              ro code  0x080035e0    0x78  stm32f3xx_hal_msp.o [1]
  .text              ro code  0x08003658   0x1d4  stm32f3xx_hal_gpio.o [1]
  .text              ro code  0x0800382c    0x28  printf.o [3]
  .text              ro code  0x08003854   0x140  heap0.o [3]
  .text              ro code  0x08003994    0x2c  xgetmemchunk.o [3]
  .text              ro code  0x080039c0    0xd8  xfspos.o [3]
  .text              ro code  0x08003a98    0xac  fflush.o [3]
  .text              ro code  0x08003b44     0xc  xfgpos.o [3]
  .text              ro code  0x08003b50    0x4a  lseek.o [6]
  .text              ro code  0x08003b9a    0x10  write.o [6]
  .text              ro code  0x08003bac    0xcc  XShHandles.o [3]
  .text              ro code  0x08003c78    0x1e  dwrite.o [6]
  .text              ro code  0x08003c96    0x20  iarwstd.o [6]
  .text              ro code  0x08003cb6    0x22  iarwrite.o [6]
  .text              ro code  0x08003cd8    0xb4  xfwprep.o [3]
  .text              ro code  0x08003d8c    0x24  fseek.o [3]
  .text              ro code  0x08003db0    0x7e  fclose.o [3]
  .text              ro code  0x08003e30    0x7c  xfofind.o [3]
  .text              ro code  0x08003eac     0x4  heaptramp0.o [3]
  .text              ro code  0x08003eb0    0x18  close.o [6]
  .text              ro code  0x08003ec8    0x14  remove.o [6]
  .text              ro code  0x08003edc    0x7c  system_stm32f3xx.o [1]
  .text              ro code  0x08003f58    0x54  fputc.o [3]
  .text              ro code  0x08003fac    0x40  zero_init3.o [5]
  .text              ro code  0x08003fec    0x3c  xcloseall.o [3]
  .text              ro code  0x08004028    0x28  data_init.o [5]
  .text              ro code  0x08004050    0x22  fpinit_M.o [4]
  .iar.init_table    const    0x08004074    0x20  - Linker created -
  .text              ro code  0x08004094    0x1e  cmain.o [5]
  .text              ro code  0x080040b2     0x4  low_level_init.o [3]
  .text              ro code  0x080040b6     0x4  exit.o [3]
  .text              ro code  0x080040bc     0xe  cexit.o [5]
  .rodata            const    0x080040cc    0x1c  freertos.o [1]
  .text              ro code  0x080040e8    0x16  xprout.o [3]
  .text              ro code  0x08004100     0xc  putchar.o [3]
  .text              ro code  0x0800410c    0x10  startup_stm32f303xc.o [1]
  .text              ro code  0x0800411c    0x10  stm32f3xx_it.o [1]
  .text              ro code  0x0800412c     0xc  cstartup_M.o [5]
  .rodata            const    0x08004138     0x8  system_stm32f3xx.o [1]
  .rodata            const    0x08004140     0x6  xlocale_c.o [3]
  .text              ro code  0x08004146     0x4  startup_stm32f303xc.o [1]
  .text              ro code  0x0800414a     0x4  startup_stm32f303xc.o [1]
  .text              ro code  0x0800414e     0x4  startup_stm32f303xc.o [1]
  .text              ro code  0x08004152     0x4  startup_stm32f303xc.o [1]
  .text              ro code  0x08004156     0x4  startup_stm32f303xc.o [1]
  .text              ro code  0x0800415a     0x4  startup_stm32f303xc.o [1]
  .text              ro code  0x0800415e     0x4  startup_stm32f303xc.o [1]
  .text              ro code  0x08004162     0x4  startup_stm32f303xc.o [1]
  .text              ro code  0x08004166     0x4  startup_stm32f303xc.o [1]
  .text              ro code  0x0800416a     0x4  startup_stm32f303xc.o [1]
  .text              ro code  0x0800416e     0x4  startup_stm32f303xc.o [1]
  .text              ro code  0x08004172     0x4  startup_stm32f303xc.o [1]
  .text              ro code  0x08004176     0x4  startup_stm32f303xc.o [1]
  .text              ro code  0x0800417a     0x4  startup_stm32f303xc.o [1]
  .text              ro code  0x0800417e     0x4  startup_stm32f303xc.o [1]
  .text              ro code  0x08004182     0x4  startup_stm32f303xc.o [1]
  .text              ro code  0x08004186     0x4  startup_stm32f303xc.o [1]
  .text              ro code  0x0800418a     0x4  startup_stm32f303xc.o [1]
  .text              ro code  0x0800418e     0x4  startup_stm32f303xc.o [1]
  .text              ro code  0x08004192     0x4  startup_stm32f303xc.o [1]
  .text              ro code  0x08004196     0x4  startup_stm32f303xc.o [1]
  .text              ro code  0x0800419a     0x4  startup_stm32f303xc.o [1]
  .text              ro code  0x0800419e     0x4  startup_stm32f303xc.o [1]
  .text              ro code  0x080041a2     0x4  startup_stm32f303xc.o [1]
  .text              ro code  0x080041a6     0x4  startup_stm32f303xc.o [1]
  .text              ro code  0x080041aa     0x4  startup_stm32f303xc.o [1]
  .text              ro code  0x080041ae     0x4  startup_stm32f303xc.o [1]
  .text              ro code  0x080041b2     0x4  startup_stm32f303xc.o [1]
  .text              ro code  0x080041b6     0x4  startup_stm32f303xc.o [1]
  .text              ro code  0x080041ba     0x4  startup_stm32f303xc.o [1]
  .text              ro code  0x080041be     0x4  startup_stm32f303xc.o [1]
  .text              ro code  0x080041c2     0x4  startup_stm32f303xc.o [1]
  .text              ro code  0x080041c6     0x4  startup_stm32f303xc.o [1]
  .text              ro code  0x080041ca     0x4  startup_stm32f303xc.o [1]
  .text              ro code  0x080041ce     0x4  startup_stm32f303xc.o [1]
  .text              ro code  0x080041d2     0x4  startup_stm32f303xc.o [1]
  .text              ro code  0x080041d6     0x4  startup_stm32f303xc.o [1]
  .text              ro code  0x080041da     0x4  startup_stm32f303xc.o [1]
  .text              ro code  0x080041de     0x4  startup_stm32f303xc.o [1]
  .text              ro code  0x080041e2     0x4  startup_stm32f303xc.o [1]
  .text              ro code  0x080041e6     0x4  startup_stm32f303xc.o [1]
  .text              ro code  0x080041ea     0x4  startup_stm32f303xc.o [1]
  .text              ro code  0x080041ee     0x4  startup_stm32f303xc.o [1]
  .text              ro code  0x080041f2     0x4  startup_stm32f303xc.o [1]
  .text              ro code  0x080041f6     0x4  startup_stm32f303xc.o [1]
  .text              ro code  0x080041fa     0x4  startup_stm32f303xc.o [1]
  .text              ro code  0x080041fe     0x4  startup_stm32f303xc.o [1]
  .text              ro code  0x08004202     0x4  startup_stm32f303xc.o [1]
  .text              ro code  0x08004206     0x4  startup_stm32f303xc.o [1]
  .text              ro code  0x0800420a     0x4  startup_stm32f303xc.o [1]
  .text              ro code  0x0800420e     0x4  startup_stm32f303xc.o [1]
  .text              ro code  0x08004212     0x4  startup_stm32f303xc.o [1]
  .text              ro code  0x08004216     0x4  startup_stm32f303xc.o [1]
  .text              ro code  0x0800421a     0x4  startup_stm32f303xc.o [1]
  .text              ro code  0x0800421e     0x4  startup_stm32f303xc.o [1]
  .text              ro code  0x08004222     0x4  startup_stm32f303xc.o [1]
  .text              ro code  0x08004226     0x4  startup_stm32f303xc.o [1]
  .text              ro code  0x0800422a     0x4  startup_stm32f303xc.o [1]
  .text              ro code  0x0800422e     0x4  startup_stm32f303xc.o [1]
  .text              ro code  0x08004232     0x4  startup_stm32f303xc.o [1]
  .text              ro code  0x08004236     0x4  startup_stm32f303xc.o [1]
  .text              ro code  0x0800423a     0x4  startup_stm32f303xc.o [1]
  .text              ro code  0x0800423e     0x4  startup_stm32f303xc.o [1]
  .text              ro code  0x08004242     0x4  startup_stm32f303xc.o [1]
  .text              ro code  0x08004246     0x4  startup_stm32f303xc.o [1]
  .text              ro code  0x0800424a     0x4  startup_stm32f303xc.o [1]
  .text              ro code  0x0800424e     0x4  startup_stm32f303xc.o [1]
  .text              ro code  0x08004252     0x4  startup_stm32f303xc.o [1]
  .text              ro code  0x08004256     0x4  startup_stm32f303xc.o [1]
  .text              ro code  0x0800425a     0x4  startup_stm32f303xc.o [1]
  .text              ro code  0x0800425e     0x4  startup_stm32f303xc.o [1]
  .text              ro code  0x08004264     0x0  cstart_closeall.o [5]
  .rodata            const    0x08004264     0x0  zero_init3.o [5]
  .rodata            const    0x08004264     0x0  lz77_init_single.o [5]
  Initializer bytes  const    0x08004264    0x8e  <for P2-1>
                            - 0x080042f2  0x416a

"P2", part 1 of 3:                         0x190
  P2-1                        0x20000000   0x190  <Init block>
    .data            inited   0x20000000     0xc  port.o [1]
    .data            inited   0x2000000c     0x4  system_stm32f3xx.o [1]
    .data            inited   0x20000010    0x38  xlocale_c.o [3]
    .data            inited   0x20000048    0x48  xlocale_c.o [3]
    .data            inited   0x20000090    0x48  xfiles.o [3]
    .data            inited   0x200000d8    0x48  xfiles.o [3]
    .data            inited   0x20000120    0x48  xfiles.o [3]
    .data            inited   0x20000168    0x20  xfiles.o [3]
    .data            inited   0x20000188     0x8  XShttio.o [3]
                            - 0x20000190   0x190

"P2", part 2 of 3:                        0x2ad0
  .bss               zero     0x20000190  0x2818  heap_4.o [1]
  .bss               zero     0x200029a8    0xa0  tasks.o [1]
  .bss               zero     0x20002a48    0x8c  tasks.o [1]
  .bss               zero     0x20002ad4    0x80  XShHandles.o [3]
  .bss               zero     0x20002b54    0x50  xfiles.o [3]
  .bss               zero     0x20002ba4    0x50  xfiles.o [3]
  .bss               zero     0x20002bf4    0x40  stm32f3xx_hal_timebase_TIM.o [1]
  .bss               zero     0x20002c34     0xc  freertos.o [1]
  .bss               zero     0x20002c40     0x8  freertos.o [1]
  .bss               zero     0x20002c48     0x8  heap0.o [3]
  .bss               zero     0x20002c50     0x4  stm32f3xx_hal.o [1]
  .bss               zero     0x20002c54     0x4  xfail_s.o [3]
  .bss               zero     0x20002c58     0x4  xgetmemchunk.o [3]
  .bss               zero     0x20002c5c     0x1  XShttio.o [3]
                            - 0x20002c5d  0x2acd

"P2", part 3 of 3:                         0x600
  CSTACK                      0x20002c60   0x400  <Block>
    CSTACK           uninit   0x20002c60   0x400  <Block tail>
  HEAP                        0x20003060   0x200  <Block>
    HEAP             uninit   0x20003060   0x200  <Block tail>
                            - 0x20003260   0x600


*******************************************************************************
*** INIT TABLE
***

          Address     Size
          -------     ----
Zero (__iar_zero_init3)
    1 destination range, total size 0x2acd:
          0x20000190  0x2acd

Copy/lz77 (__iar_lz77_init_single3)
    1 source range, total size 0x8e (35% of destination):
          0x08004264    0x8e
    1 destination range, total size 0x190:
          0x20000000   0x190



*******************************************************************************
*** MODULE SUMMARY
***

    Module                        ro code  ro data  rw data
    ------                        -------  -------  -------
C:\Users\Ag\Documents\GitHub\Thermometer-on-STM32F3-Discovery\EWARM\LabbRTOS\Obj: [1]
    cmsis_os.o                        102
    freertos.o                        296       28       20
    gpio.o                            276
    heap_4.o                          436            10 264
    list.o                            142
    main.o                            156
    port.o                            416        4       12
    portasm.o                         168
    startup_stm32f303xc.o             692
    stm32f3xx_hal.o                    64                 4
    stm32f3xx_hal_cortex.o            224
    stm32f3xx_hal_gpio.o              468
    stm32f3xx_hal_msp.o               120
    stm32f3xx_hal_rcc.o             1 284
    stm32f3xx_hal_tim.o               630
    stm32f3xx_hal_tim_ex.o              6
    stm32f3xx_hal_timebase_TIM.o      120                64
    stm32f3xx_it.o                     16
    system_stm32f3xx.o                124        9        4
    tasks.o                         1 344               300
    -------------------------------------------------------
    Total:                          7 084       41   10 668

command line: [2]
    -------------------------------------------------------
    Total:

dl7M_tlf.a: [3]
    XShHandles.o                      204               128
    XShttio.o                          60        3        9
    abort.o                             6
    exit.o                              4
    fclose.o                          126
    fflush.o                          172
    fputc.o                            84
    fseek.o                            36
    heap0.o                           320                 8
    heaptramp0.o                        4
    low_level_init.o                    4
    printf.o                           40
    putchar.o                          12
    xcloseall.o                        60
    xencoding_8859_1.o                 30
    xfail_s.o                          68                 4
    xfgpos.o                           12
    xfiles.o                                    88      408
    xfofind.o                         124
    xfspos.o                          216
    xfwprep.o                         180
    xgetmemchunk.o                     44                 4
    xlocale_c.o                       120       52      128
    xmbcurmax.o                        10
    xprintffull.o                   3 990
    xprout.o                           22
    -------------------------------------------------------
    Total:                          5 948      143      689

m7M_tls.a: [4]
    DblAdd.o                          360
    DblCmpGe.o                         46
    DblCmpLe.o                         46
    DblDiv.o                          582
    DblMul.o                          418
    DblSub.o                          226
    DblToS32.o                         58
    DblToU32.o                         40
    S32ToDbl.o                         34
    U32ToDbl.o                         26
    fpinit_M.o                         34
    frexp.o                           112
    ldexp.o                           314
    -------------------------------------------------------
    Total:                          2 296

rt7M_tl.a: [5]
    ABImemcpy.o                       166
    I64DivMod.o                       558
    I64DivZer.o                         2
    cexit.o                            14
    cmain.o                            30
    cstart_closeall.o
    cstartup_M.o                       12
    data_init.o                        40
    lz77_init_single.o                122
    memchr.o                           88
    strchr.o                           22
    strlen.o                           54
    zero_init3.o                       64
    -------------------------------------------------------
    Total:                          1 172

shb_l.a: [6]
    close.o                            24
    dwrite.o                           30
    exit.o                             20
    iarttio.o                         124
    iarwrite.o                         34
    iarwstd.o                          32
    lseek.o                            74
    remove.o                           20
    write.o                            16
    -------------------------------------------------------
    Total:                            374

    Gaps                               44        4
    Linker created                              32    1 536
-----------------------------------------------------------
    Grand Total:                   16 918      220   12 893


*******************************************************************************
*** ENTRY LIST
***

Entry                      Address    Size  Type      Object
-----                      -------    ----  ----      ------
.iar.init_table$$Base   0x08004074           --   Gb  - Linker created -
.iar.init_table$$Limit  0x08004094           --   Gb  - Linker created -
?main                   0x08004095          Code  Gb  cmain.o [5]
AHBPrescTable           0x08003f48    0x10  Data  Gb  system_stm32f3xx.o [1]
APBPrescTable           0x08004138     0x8  Data  Gb  system_stm32f3xx.o [1]
Aldata                  0x20002c48     0x8  Data  Lc  heap0.o [3]
Blink1Handle            0x20002c38     0x4  Data  Gb  freertos.o [1]
Blink2Handle            0x20002c3c     0x4  Data  Gb  freertos.o [1]
CSTACK$$Base            0x20002c60           --   Gb  - Linker created -
CSTACK$$Limit           0x20003060           --   Gb  - Linker created -
CacheMore               0x0800119d    0x24  Code  Lc  xlocale_c.o [3]
HAL_GPIO_Init           0x08003659   0x1a0  Code  Gb  stm32f3xx_hal_gpio.o [1]
HAL_GPIO_TogglePin      0x08003807     0x8  Code  Gb  stm32f3xx_hal_gpio.o [1]
HAL_GPIO_WritePin       0x080037f9     0xe  Code  Gb  stm32f3xx_hal_gpio.o [1]
HAL_GetTick             0x08002e89     0xc  Code  Wk  stm32f3xx_hal.o [1]
HAL_IncTick             0x080035d1    0x10  Code  Wk  stm32f3xx_hal.o [1]
HAL_Init                0x08003309    0x20  Code  Gb  stm32f3xx_hal.o [1]
HAL_InitTick            0x08002e95    0x66  Code  Gb  stm32f3xx_hal_timebase_TIM.o [1]
HAL_MspInit             0x080035e1    0x78  Code  Gb  stm32f3xx_hal_msp.o [1]
HAL_NVIC_EnableIRQ      0x08002f7f     0xa  Code  Gb  stm32f3xx_hal_cortex.o [1]
HAL_NVIC_SetPriority    0x08002f45    0x3a  Code  Gb  stm32f3xx_hal_cortex.o [1]
HAL_NVIC_SetPriorityGrouping
                        0x08002f2b    0x1a  Code  Gb  stm32f3xx_hal_cortex.o [1]
HAL_RCC_ClockConfig     0x08002c83   0x110  Code  Gb  stm32f3xx_hal_rcc.o [1]
HAL_RCC_GetClockConfig  0x08002e05    0x36  Code  Gb  stm32f3xx_hal_rcc.o [1]
HAL_RCC_GetHCLKFreq     0x08002deb     0x6  Code  Gb  stm32f3xx_hal_rcc.o [1]
HAL_RCC_GetPCLK2Freq    0x08002df1     0xe  Code  Gb  stm32f3xx_hal_rcc.o [1]
HAL_RCC_GetSysClockFreq
                        0x08002db1    0x3a  Code  Gb  stm32f3xx_hal_rcc.o [1]
HAL_RCC_OscConfig       0x08002985   0x2d8  Code  Gb  stm32f3xx_hal_rcc.o [1]
HAL_SYSTICK_CLKSourceConfig
                        0x08002fbb    0x1a  Code  Gb  stm32f3xx_hal_cortex.o [1]
HAL_SYSTICK_Config      0x08002f93    0x28  Code  Gb  stm32f3xx_hal_cortex.o [1]
HAL_TIMEx_Break2Callback
                        0x080032ff     0x2  Code  Wk  stm32f3xx_hal_tim_ex.o [1]
HAL_TIMEx_BreakCallback
                        0x080032fd     0x2  Code  Wk  stm32f3xx_hal_tim_ex.o [1]
HAL_TIMEx_CommutationCallback
                        0x08003303     0x2  Code  Wk  stm32f3xx_hal_tim_ex.o [1]
HAL_TIM_Base_Init       0x08002fed    0x1a  Code  Gb  stm32f3xx_hal_tim.o [1]
HAL_TIM_Base_Start_IT   0x08003007    0x16  Code  Gb  stm32f3xx_hal_tim.o [1]
HAL_TIM_IRQHandler      0x08003041   0x15c  Code  Gb  stm32f3xx_hal_tim.o [1]
HAL_TIM_PeriodElapsedCallback
                        0x080032eb     0xe  Code  Gb  main.o [1]
HEAP$$Base              0x20003060           --   Gb  - Linker created -
HEAP$$Limit             0x20003260           --   Gb  - Linker created -
LoadInt                 0x08000377    0x7a  Code  Lc  xprintffull.o [3]
MX_FREERTOS_Init        0x08003441    0x4c  Code  Gb  freertos.o [1]
MX_GPIO_Init            0x0800332d    0xf8  Code  Gb  gpio.o [1]
NVIC_SetPriority        0x08002f0d    0x1e  Code  Lc  stm32f3xx_hal_cortex.o [1]
PendSV_Handler          0x080028dd          Code  Gb  portasm.o [1]
Region$$Table$$Base     0x08004074           --   Gb  - Linker created -
Region$$Table$$Limit    0x08004094           --   Gb  - Linker created -
SVC_Handler             0x08002935          Code  Gb  portasm.o [1]
StartDefaultTask        0x0800349d     0xa  Code  Gb  freertos.o [1]
SysTick_Handler         0x0800411d     0x4  Code  Gb  stm32f3xx_it.o [1]
SystemClock_Config      0x08003279    0x72  Code  Gb  main.o [1]
SystemCoreClock         0x2000000c     0x4  Data  Gb  system_stm32f3xx.o [1]
SystemInit              0x08003edd    0x52  Code  Gb  system_stm32f3xx.o [1]
TIM1_UP_TIM16_IRQHandler
                        0x08004121     0x6  Code  Gb  stm32f3xx_it.o [1]
TIM_Base_SetConfig      0x080031a3    0x96  Code  Gb  stm32f3xx_hal_tim.o [1]
_Close_all              0x08003fed    0x3c  Code  Gb  xcloseall.o [3]
_Encoding_8859_1_Mbrlen
                        0x08001239     0x2  Code  Gb  xencoding_8859_1.o [3]
_Encoding_8859_1_Wctomb
                        0x08001227    0x12  Code  Gb  xencoding_8859_1.o [3]
_Files                  0x20000168    0x20  Data  Gb  xfiles.o [3]
_Fofree                 0x08003e31    0x78  Code  Gb  xfofind.o [3]
_Fspos                  0x080039c1    0xd8  Code  Gb  xfspos.o [3]
_Fwprep                 0x08003cd9    0xb4  Code  Gb  xfwprep.o [3]
_GenldFull              0x08000df7   0x276  Code  Lc  xprintffull.o [3]
_LdtobFull              0x080009cd   0x3fe  Code  Lc  xprintffull.o [3]
_LitobFull              0x08000875   0x112  Code  Lc  xprintffull.o [3]
_Locale_lconv           0x20000010    0x38  Data  Lc  xlocale_c.o [3]
_Nnl                    0x08003b45     0xc  Code  Gb  xfgpos.o [3]
_PrintfFull             0x08000189   0x1d8  Code  Gb  xprintffull.o [3]
_Prout                  0x080040e9    0x16  Code  Gb  xprout.o [3]
_PutcharsFull           0x0800106d    0x2e  Code  Lc  xprintffull.o [3]
_PutfldFull             0x080003f1   0x2d0  Code  Lc  xprintffull.o [3]
_PutstrFull             0x080007b7    0xbe  Code  Lc  xprintffull.o [3]
_PuttxtFull             0x080006c1    0xf6  Code  Lc  xprintffull.o [3]
__aeabi_cdcmple         0x08001811          Code  Gb  DblCmpLe.o [4]
__aeabi_cdrcmple        0x08001841          Code  Gb  DblCmpGe.o [4]
__aeabi_d2iz            0x080019ad          Code  Gb  DblToS32.o [4]
__aeabi_d2uiz           0x08001d39          Code  Gb  DblToU32.o [4]
__aeabi_ddiv            0x08001af1          Code  Gb  DblDiv.o [4]
__aeabi_dmul            0x080015fd          Code  Gb  DblMul.o [4]
__aeabi_dsub            0x08001a0d          Code  Gb  DblSub.o [4]
__aeabi_i2d             0x080019e9          Code  Gb  S32ToDbl.o [4]
__aeabi_ldiv0           0x08001d81          Code  Gb  I64DivZer.o [5]
__aeabi_memcpy          0x08001325          Code  Gb  ABImemcpy.o [5]
__aeabi_memcpy4         0x08001345          Code  Gb  ABImemcpy.o [5]
__aeabi_memcpy8         0x08001345          Code  Gb  ABImemcpy.o [5]
__aeabi_ui2d            0x08001d61          Code  Gb  U32ToDbl.o [4]
__aeabi_uldivmod        0x080013cd          Code  Gb  I64DivMod.o [5]
__basic_free            0x08003901    0x16  Code  Gb  heap0.o [3]
__basic_free_intern     0x08003917    0x7a  Code  Lc  heap0.o [3]
__basic_malloc          0x08003855    0x18  Code  Gb  heap0.o [3]
__basic_malloc_intern   0x0800386d    0x94  Code  Lc  heap0.o [3]
__cexit_closeall        0x080040bf          Code  Gb  cexit.o [5]
__close                 0x08003eb1    0x18  Code  Gb  close.o [6]
__cmain                 0x08004095          Code  Gb  cmain.o [5]
__cstart_closeall       0x08004264          Data  Gb  cstart_closeall.o [5]
__data_GetMemChunk      0x08003995    0x2c  Code  Gb  xgetmemchunk.o [3]
__data_GetMemChunk::start
                        0x20002c58     0x4  Data  Lc  xgetmemchunk.o [3]
__dwrite                0x08003c79    0x1e  Code  Gb  dwrite.o [6]
__exit                  0x08001eed    0x14  Code  Gb  exit.o [6]
__iar_Fail_s            0x08001245    0x1e  Code  Gb  xfail_s.o [3]
__iar_Mbcurmax          0x08001319     0xa  Code  Gb  xmbcurmax.o [3]
__iar_Memchr            0x080012c1          Code  Gb  memchr.o [5]
__iar_Stderr            0x20000120    0x48  Data  Gb  xfiles.o [3]
__iar_Stdin             0x20000090    0x48  Data  Gb  xfiles.o [3]
__iar_Stdout            0x200000d8    0x48  Data  Gb  xfiles.o [3]
__iar_Strchr            0x08001211          Code  Gb  strchr.o [5]
__iar_close_ttio        0x08001f01    0x2c  Code  Gb  iarttio.o [6]
__iar_dadd              0x08001a1d          Code  Gb  DblSub.o [4]
__iar_data_init3        0x08004029    0x28  Code  Gb  data_init.o [5]
__iar_dsub              0x08001d85          Code  Gb  DblAdd.o [4]
__iar_dsubStart         0x08001d97          Code  Gb  DblAdd.o [4]
__iar_frexp             0x080017ad          Code  Gb  frexp.o [4]
__iar_frexpl            0x080017ad          Code  Gb  frexp.o [4]
__iar_get_ttio          0x08001f2d    0x4c  Code  Gb  iarttio.o [6]
__iar_globLocale        0x20000048    0x48  Data  Lc  xlocale_c.o [3]
__iar_global_Locale     0x08001199     0x4  Code  Gb  xlocale_c.o [3]
__iar_init_vfp          0x08004051          Code  Gb  fpinit_M.o [4]
__iar_ldexp64           0x08001871          Code  Gb  ldexp.o [4]
__iar_lookup_ttioh      0x08001fab     0x4  Code  Gb  XShttio.o [3]
__iar_lz77_init_single3
                        0x0800111f    0x7a  Code  Gb  lz77_init_single.o [5]
__iar_program_start     0x0800412d          Code  Gb  cstartup_M.o [5]
__iar_scalbln64         0x08001871          Code  Gb  ldexp.o [4]
__iar_scalbn64          0x08001871          Code  Gb  ldexp.o [4]
__iar_sh_Discard        0x08003bad    0x42  Code  Gb  XShHandles.o [3]
__iar_sh_Move           0x08003bef    0x46  Code  Gb  XShHandles.o [3]
__iar_sh_Pos            0x08003c35    0x3e  Code  Gb  XShHandles.o [3]
__iar_sh_stdout         0x08003c97    0x20  Code  Gb  iarwstd.o [6]
__iar_sh_write          0x08003cb7    0x22  Code  Gb  iarwrite.o [6]
__iar_softfp___iar_frexp64
                        0x080017a1          Code  Gb  frexp.o [4]
__iar_softfp_frexp      0x080017a1          Code  Gb  frexp.o [4]
__iar_softfp_frexpl     0x080017a1          Code  Gb  frexp.o [4]
__iar_systems$$module {Abs}
                        0x00000001          Data  Gb  command line/config [2]
__iar_ttio_guard_lock   0x08001f7d    0x1e  Code  Gb  XShttio.o [3]
__iar_ttio_guard_unlock
                        0x08001f9b    0x10  Code  Gb  XShttio.o [3]
__iar_ttio_handles      0x20000188     0x8  Data  Lc  XShttio.o [3]
__iar_zero_init3        0x08003fad    0x40  Code  Gb  zero_init3.o [5]
__low_level_init        0x080040b3     0x4  Code  Gb  low_level_init.o [3]
__lseek                 0x08003b51    0x4a  Code  Gb  lseek.o [6]
__vector_table          0x08000000          Data  Gb  startup_stm32f303xc.o [1]
__write                 0x08003b9b    0x10  Code  Gb  write.o [6]
_call_main              0x080040a1          Code  Gb  cmain.o [5]
_exit                   0x080040bd          Code  Gb  cexit.o [5]
_gLocale_mblen          0x080011f9     0x4  Code  Gb  xlocale_c.o [3]
_gLocale_mblenInt       0x080011c1    0x34  Code  Gb  xlocale_c.o [3]
_gLocale_wctomb         0x080011fd     0x4  Code  Gb  xlocale_c.o [3]
_gLocale_wctombInt      0x080011f5     0x4  Code  Gb  xlocale_c.o [3]
_main                   0x080040af          Code  Gb  cmain.o [5]
aPLLMULFactorTable      0x08002e68    0x10  Data  Gb  stm32f3xx_hal_rcc.o [1]
aPredivFactorTable      0x08002e78    0x10  Data  Gb  stm32f3xx_hal_rcc.o [1]
abort                   0x08001d7b     0x6  Code  Gb  abort.o [3]
counter2                0x20002c40     0x4  Data  Gb  freertos.o [1]
defaultTaskHandle       0x20002c34     0x4  Data  Gb  freertos.o [1]
ebuf                    0x20002b54    0x50  Data  Lc  xfiles.o [3]
exit                    0x080040b7     0x4  Code  Gb  exit.o [3]
fclose                  0x08003db1    0x7e  Code  Gb  fclose.o [3]
fflush                  0x08003b0d    0x34  Code  Gb  fflush.o [3]
fflushOne               0x08003a99    0x74  Code  Lc  fflush.o [3]
fputc                   0x08003f59    0x54  Code  Gb  fputc.o [3]
free                    0x08003ead     0x4  Code  Gb  heaptramp0.o [3]
fseek                   0x08003d8d    0x24  Code  Gb  fseek.o [3]
htim1                   0x20002bf4    0x40  Data  Gb  stm32f3xx_hal_timebase_TIM.o [1]
isBlink2Ready           0x0800348d    0x10  Code  Gb  freertos.o [1]
ldexp                   0x08001871          Code  Gb  ldexp.o [4]
ldexpl                  0x08001871          Code  Gb  ldexp.o [4]
localeconv              0x08001201     0x4  Code  Gb  xlocale_c.o [3]
main                    0x08003261    0x18  Code  Gb  main.o [1]
makeFreeRtosPriority    0x08003569     0xc  Code  Lc  cmsis_os.o [1]
memchr                  0x080012c1          Code  Gb  memchr.o [5]
obuf                    0x20002ba4    0x50  Data  Lc  xfiles.o [3]
osDelay                 0x080035ad     0xe  Code  Gb  cmsis_os.o [1]
osKernelStart           0x08003575     0xa  Code  Gb  cmsis_os.o [1]
osSystickHandler        0x080035bb    0x14  Code  Gb  cmsis_os.o [1]
osThreadCreate          0x0800357f    0x2e  Code  Gb  cmsis_os.o [1]
printf                  0x0800382d    0x28  Code  Gb  printf.o [3]
prvAddCurrentTaskToDelayedList
                        0x0800247d    0x64  Code  Lc  tasks.o [1]
prvAddNewTaskToReadyList
                        0x08002089    0xa6  Code  Lc  tasks.o [1]
prvDeleteTCB            0x080023e5    0x14  Code  Lc  tasks.o [1]
prvIdleTask             0x0800237d    0x62  Code  Lc  tasks.o [1]
prvInitialiseNewTask    0x08002011    0x78  Code  Lc  tasks.o [1]
prvInsertBlockIntoFreeList
                        0x0800265f    0x46  Code  Lc  heap_4.o [1]
prvResetNextTaskUnblockTime
                        0x080023f9    0x1e  Code  Lc  tasks.o [1]
prvTaskExitError        0x08002765    0x28  Code  Lc  port.o [1]
putchar                 0x08004101     0xc  Code  Gb  putchar.o [3]
pvPortMalloc            0x080024f9   0x104  Code  Gb  heap_4.o [1]
pxCurrentTCB            0x200029d0     0x4  Data  Gb  tasks.o [1]
pxDelayedTaskList       0x200029d4     0x4  Data  Lc  tasks.o [1]
pxEnd                   0x20000198     0x4  Data  Lc  heap_4.o [1]
pxOverflowDelayedTaskList
                        0x200029d8     0x4  Data  Lc  tasks.o [1]
pxPortInitialiseStack   0x0800273d    0x26  Code  Gb  port.o [1]
pxReadyTasksLists       0x20002a48    0x8c  Data  Lc  tasks.o [1]
remove                  0x08003ec9    0x14  Code  Gb  remove.o [6]
sFileInfo               0x20002ad4    0x80  Data  Lc  XShHandles.o [3]
scalbln                 0x08001871          Code  Gb  ldexp.o [4]
scalblnl                0x08001871          Code  Gb  ldexp.o [4]
scalbn                  0x08001871          Code  Gb  ldexp.o [4]
scalbnl                 0x08001871          Code  Gb  ldexp.o [4]
scale                   0x08000987    0x46  Code  Lc  xprintffull.o [3]
sec_hand                0x20002c54     0x4  Data  Lc  xfail_s.o [3]
startBlink1             0x080034a7    0x34  Code  Gb  freertos.o [1]
startBlink1{1}{2}::counter1
                        0x20002c44     0x4  Data  Lc  freertos.o [1]
startBlink2             0x080034db    0x2c  Code  Gb  freertos.o [1]
strchr                  0x08001211          Code  Gb  strchr.o [5]
strlen                  0x08001289          Code  Gb  strlen.o [5]
ttio_guard              0x20002c5c     0x1  Data  Lc  XShttio.o [3]
ucHeap                  0x200001a8  0x2800  Data  Lc  heap_4.o [1]
ucMaxSysCallPriority    0x20000000     0x1  Data  Lc  port.o [1]
ulMaxPRIGROUPValue      0x20000008     0x4  Data  Lc  port.o [1]
uwTick                  0x20002c50     0x4  Data  Gb  stm32f3xx_hal.o [1]
uxCriticalNesting       0x20000004     0x4  Data  Lc  port.o [1]
uxCurrentNumberOfTasks  0x200029f4     0x4  Data  Lc  tasks.o [1]
uxDeletedTasksWaitingCleanUp
                        0x200029dc     0x4  Data  Lc  tasks.o [1]
uxListRemove            0x08002717    0x24  Code  Gb  list.o [1]
uxPendedTicks           0x20002a04     0x4  Data  Lc  tasks.o [1]
uxSchedulerSuspended    0x20002a18     0x4  Data  Lc  tasks.o [1]
uxTaskNumber            0x20002a10     0x4  Data  Lc  tasks.o [1]
uxTopReadyPriority      0x200029fc     0x4  Data  Lc  tasks.o [1]
vListInitialise         0x080026ad    0x1a  Code  Gb  list.o [1]
vListInitialiseItem     0x080026c7     0x6  Code  Gb  list.o [1]
vListInsert             0x080026e5    0x32  Code  Gb  list.o [1]
vListInsertEnd          0x080026cd    0x18  Code  Gb  list.o [1]
vPortEnableVFP          0x08002969          Code  Gb  portasm.o [1]
vPortEnterCritical      0x08002827    0x32  Code  Gb  port.o [1]
vPortExitCritical       0x08002859    0x22  Code  Gb  port.o [1]
vPortFree               0x0800260b    0x46  Code  Gb  heap_4.o [1]
vPortStartFirstTask     0x08002951          Code  Gb  portasm.o [1]
vTaskDelay              0x0800212f    0x2e  Code  Gb  tasks.o [1]
vTaskStartScheduler     0x08002163    0x54  Code  Gb  tasks.o [1]
vTaskSuspendAll         0x080021b7     0xc  Code  Gb  tasks.o [1]
vTaskSwitchContext      0x08002325    0x56  Code  Gb  tasks.o [1]
xBlockAllocatedBit      0x200001a4     0x4  Data  Lc  heap_4.o [1]
xDelayedTaskList1       0x20002a1c    0x14  Data  Lc  tasks.o [1]
xDelayedTaskList2       0x20002a30    0x14  Data  Lc  tasks.o [1]
xFreeBytesRemaining     0x2000019c     0x4  Data  Lc  heap_4.o [1]
xIdleTaskHandle         0x20002a44     0x4  Data  Lc  tasks.o [1]
xMinimumEverFreeBytesRemaining
                        0x200001a0     0x4  Data  Lc  heap_4.o [1]
xNextTaskUnblockTime    0x20002a14     0x4  Data  Lc  tasks.o [1]
xNumOfOverflows         0x20002a0c     0x4  Data  Lc  tasks.o [1]
xPendingReadyList       0x200029a8    0x14  Data  Lc  tasks.o [1]
xPortStartScheduler     0x0800278d    0x88  Code  Gb  port.o [1]
xPortSysTickHandler     0x0800287b    0x26  Code  Gb  port.o [1]
xSchedulerRunning       0x20002a00     0x4  Data  Lc  tasks.o [1]
xStart                  0x20000190     0x8  Data  Lc  heap_4.o [1]
xSuspendedTaskList      0x200029e0    0x14  Data  Lc  tasks.o [1]
xTaskCreate             0x08001fb9    0x58  Code  Gb  tasks.o [1]
xTaskGetSchedulerState  0x08002417    0x18  Code  Gb  tasks.o [1]
xTaskIncrementTick      0x08002267    0xbe  Code  Gb  tasks.o [1]
xTaskResumeAll          0x080021c3    0x9c  Code  Gb  tasks.o [1]
xTasksWaitingTermination
                        0x200029bc    0x14  Data  Lc  tasks.o [1]
xTickCount              0x200029f8     0x4  Data  Lc  tasks.o [1]
xYieldPending           0x20002a08     0x4  Data  Lc  tasks.o [1]


[1] = C:\Users\Ag\Documents\GitHub\Thermometer-on-STM32F3-Discovery\EWARM\LabbRTOS\Obj
[2] = command line
[3] = dl7M_tlf.a
[4] = m7M_tls.a
[5] = rt7M_tl.a
[6] = shb_l.a

  16 918 bytes of readonly  code memory
     220 bytes of readonly  data memory
  12 893 bytes of readwrite data memory

Errors: none
Warnings: none
