###############################################################################
#
# IAR ELF Linker V8.20.2.14835/W32 for ARM                19/Mar/2018  09:25:07
# Copyright 2007-2017 IAR Systems AB.
#
#    Output file  =  
#        C:\Users\Ag\Documents\GitHub\Thermometer-on-STM32F3-Discovery\EWARM\LabbRTOS\Exe\LabbRTOS.out
#    Map file     =  
#        C:\Users\Ag\Documents\GitHub\Thermometer-on-STM32F3-Discovery\EWARM\LabbRTOS\List\LabbRTOS.map
#    Command line =  
#        -f C:\Users\Ag\AppData\Local\Temp\EW56B.tmp
#        (C:\Users\Ag\Documents\GitHub\Thermometer-on-STM32F3-Discovery\EWARM\LabbRTOS\Obj\cmsis_os.o
#        C:\Users\Ag\Documents\GitHub\Thermometer-on-STM32F3-Discovery\EWARM\LabbRTOS\Obj\croutine.o
#        C:\Users\Ag\Documents\GitHub\Thermometer-on-STM32F3-Discovery\EWARM\LabbRTOS\Obj\event_groups.o
#        C:\Users\Ag\Documents\GitHub\Thermometer-on-STM32F3-Discovery\EWARM\LabbRTOS\Obj\freertos.o
#        C:\Users\Ag\Documents\GitHub\Thermometer-on-STM32F3-Discovery\EWARM\LabbRTOS\Obj\gpio.o
#        C:\Users\Ag\Documents\GitHub\Thermometer-on-STM32F3-Discovery\EWARM\LabbRTOS\Obj\heap_4.o
#        C:\Users\Ag\Documents\GitHub\Thermometer-on-STM32F3-Discovery\EWARM\LabbRTOS\Obj\list.o
#        C:\Users\Ag\Documents\GitHub\Thermometer-on-STM32F3-Discovery\EWARM\LabbRTOS\Obj\main.o
#        C:\Users\Ag\Documents\GitHub\Thermometer-on-STM32F3-Discovery\EWARM\LabbRTOS\Obj\port.o
#        C:\Users\Ag\Documents\GitHub\Thermometer-on-STM32F3-Discovery\EWARM\LabbRTOS\Obj\portasm.o
#        C:\Users\Ag\Documents\GitHub\Thermometer-on-STM32F3-Discovery\EWARM\LabbRTOS\Obj\queue.o
#        C:\Users\Ag\Documents\GitHub\Thermometer-on-STM32F3-Discovery\EWARM\LabbRTOS\Obj\startup_stm32f303xc.o
#        C:\Users\Ag\Documents\GitHub\Thermometer-on-STM32F3-Discovery\EWARM\LabbRTOS\Obj\stm32f3xx_hal.o
#        C:\Users\Ag\Documents\GitHub\Thermometer-on-STM32F3-Discovery\EWARM\LabbRTOS\Obj\stm32f3xx_hal_cortex.o
#        C:\Users\Ag\Documents\GitHub\Thermometer-on-STM32F3-Discovery\EWARM\LabbRTOS\Obj\stm32f3xx_hal_dma.o
#        C:\Users\Ag\Documents\GitHub\Thermometer-on-STM32F3-Discovery\EWARM\LabbRTOS\Obj\stm32f3xx_hal_flash.o
#        C:\Users\Ag\Documents\GitHub\Thermometer-on-STM32F3-Discovery\EWARM\LabbRTOS\Obj\stm32f3xx_hal_flash_ex.o
#        C:\Users\Ag\Documents\GitHub\Thermometer-on-STM32F3-Discovery\EWARM\LabbRTOS\Obj\stm32f3xx_hal_gpio.o
#        C:\Users\Ag\Documents\GitHub\Thermometer-on-STM32F3-Discovery\EWARM\LabbRTOS\Obj\stm32f3xx_hal_i2c.o
#        C:\Users\Ag\Documents\GitHub\Thermometer-on-STM32F3-Discovery\EWARM\LabbRTOS\Obj\stm32f3xx_hal_i2c_ex.o
#        C:\Users\Ag\Documents\GitHub\Thermometer-on-STM32F3-Discovery\EWARM\LabbRTOS\Obj\stm32f3xx_hal_msp.o
#        C:\Users\Ag\Documents\GitHub\Thermometer-on-STM32F3-Discovery\EWARM\LabbRTOS\Obj\stm32f3xx_hal_pwr.o
#        C:\Users\Ag\Documents\GitHub\Thermometer-on-STM32F3-Discovery\EWARM\LabbRTOS\Obj\stm32f3xx_hal_pwr_ex.o
#        C:\Users\Ag\Documents\GitHub\Thermometer-on-STM32F3-Discovery\EWARM\LabbRTOS\Obj\stm32f3xx_hal_rcc.o
#        C:\Users\Ag\Documents\GitHub\Thermometer-on-STM32F3-Discovery\EWARM\LabbRTOS\Obj\stm32f3xx_hal_rcc_ex.o
#        C:\Users\Ag\Documents\GitHub\Thermometer-on-STM32F3-Discovery\EWARM\LabbRTOS\Obj\stm32f3xx_hal_tim.o
#        C:\Users\Ag\Documents\GitHub\Thermometer-on-STM32F3-Discovery\EWARM\LabbRTOS\Obj\stm32f3xx_hal_tim_ex.o
#        C:\Users\Ag\Documents\GitHub\Thermometer-on-STM32F3-Discovery\EWARM\LabbRTOS\Obj\stm32f3xx_hal_timebase_TIM.o
#        C:\Users\Ag\Documents\GitHub\Thermometer-on-STM32F3-Discovery\EWARM\LabbRTOS\Obj\stm32f3xx_it.o
#        C:\Users\Ag\Documents\GitHub\Thermometer-on-STM32F3-Discovery\EWARM\LabbRTOS\Obj\system_stm32f3xx.o
#        C:\Users\Ag\Documents\GitHub\Thermometer-on-STM32F3-Discovery\EWARM\LabbRTOS\Obj\tasks.o
#        C:\Users\Ag\Documents\GitHub\Thermometer-on-STM32F3-Discovery\EWARM\LabbRTOS\Obj\timers.o
#        --redirect _Printf=_PrintfFull --redirect _Scanf=_ScanfFull -o
#        C:\Users\Ag\Documents\GitHub\Thermometer-on-STM32F3-Discovery\EWARM\LabbRTOS\Exe\LabbRTOS.out
#        --map
#        C:\Users\Ag\Documents\GitHub\Thermometer-on-STM32F3-Discovery\EWARM\LabbRTOS\List\LabbRTOS.map
#        --config
#        C:\Users\Ag\Documents\GitHub\Thermometer-on-STM32F3-Discovery\EWARM/stm32f303xc_flash.icf
#        --semihosting --entry __iar_program_start --vfe --text_out locale)
#
###############################################################################

*******************************************************************************
*** RUNTIME MODEL ATTRIBUTES
***

CppFlavor       = *
__SystemLibrary = DLib
__dlib_version  = 6


*******************************************************************************
*** HEAP SELECTION
***

The basic heap was selected because some modules are built with
size limitations (and not runtime checking), and --advanced_heap
was not specified.


*******************************************************************************
*** PLACEMENT SUMMARY
***

"A0":  place at 0x08000000 { ro section .intvec };
"P1":  place in [from 0x08000000 to 0x0803ffff] { ro };
define block CSTACK with size = 1K, alignment = 8 { };
define block HEAP with size = 512, alignment = 8 { };
"P2":  place in [from 0x20000000 to 0x20009fff] {
          rw, block CSTACK, block HEAP };
initialize by copy { rw };

  Section            Kind        Address    Size  Object
  -------            ----        -------    ----  ------
"A0":                                      0x188
  .intvec            ro code  0x08000000   0x188  startup_stm32f303xc.o [1]
                            - 0x08000188   0x188

"P1":                                     0x1c0c
  .text              ro code  0x08000188   0x540  tasks.o [1]
  .text              ro code  0x080006c8   0x1b4  heap_4.o [1]
  .text              ro code  0x0800087c    0x8e  list.o [1]
  .text              ro code  0x0800090c   0x1a0  port.o [1]
  CODE               ro code  0x08000aac    0xa8  portasm.o [1]
  .text              ro code  0x08000b54   0x504  stm32f3xx_hal_rcc.o [1]
  .text              ro code  0x08001058     0xc  stm32f3xx_hal.o [1]
  .text              ro code  0x08001064    0x78  stm32f3xx_hal_timebase_TIM.o [1]
  .text              ro code  0x080010dc    0xe0  stm32f3xx_hal_cortex.o [1]
  .text              ro code  0x080011bc   0x26e  stm32f3xx_hal_tim.o [1]
  .text              ro code  0x0800142a     0x2  stm32f3xx_hal_tim.o [1]
  .text              ro code  0x0800142c     0x2  stm32f3xx_hal_tim.o [1]
  .text              ro code  0x08001430    0x9c  main.o [1]
  .text              ro code  0x080014cc     0x2  stm32f3xx_hal_tim_ex.o [1]
  .text              ro code  0x080014ce     0x2  stm32f3xx_hal_tim_ex.o [1]
  .text              ro code  0x080014d0     0x2  stm32f3xx_hal_tim.o [1]
  .text              ro code  0x080014d2     0x2  stm32f3xx_hal_tim_ex.o [1]
  .text              ro code  0x080014d4     0x2  stm32f3xx_hal_tim.o [1]
  .text              ro code  0x080014d8    0x24  stm32f3xx_hal.o [1]
  .text              ro code  0x080014fc   0x114  gpio.o [1]
  .text              ro code  0x08001610   0x114  freertos.o [1]
  .text              ro code  0x08001724    0x66  cmsis_os.o [1]
  .text              ro code  0x0800178c    0x10  stm32f3xx_hal.o [1]
  .text              ro code  0x0800179c    0x78  stm32f3xx_hal_msp.o [1]
  .text              ro code  0x08001814   0x1d4  stm32f3xx_hal_gpio.o [1]
  .text              ro code  0x080019e8    0x86  ABImemcpy.o [5]
  .text              ro code  0x08001a70    0x7c  system_stm32f3xx.o [1]
  .text              ro code  0x08001aec    0x40  zero_init3.o [5]
  .text              ro code  0x08001b2c    0x2c  copy_init3.o [5]
  .text              ro code  0x08001b58    0x28  data_init.o [5]
  .rodata            const    0x08001b80    0x24  freertos.o [1]
  .text              ro code  0x08001ba4    0x22  fpinit_M.o [4]
  .iar.init_table    const    0x08001bc8    0x24  - Linker created -
  .text              ro code  0x08001bec    0x1e  cmain.o [5]
  .text              ro code  0x08001c0a     0x4  low_level_init.o [3]
  .text              ro code  0x08001c0e     0x4  exit.o [3]
  .text              ro code  0x08001c14     0xa  cexit.o [5]
  .text              ro code  0x08001c20    0x14  exit.o [6]
  .text              ro code  0x08001c34    0x10  startup_stm32f303xc.o [1]
  .text              ro code  0x08001c44    0x10  stm32f3xx_it.o [1]
  Initializer bytes  const    0x08001c54    0x10  <for P2-1>
  .text              ro code  0x08001c64     0xc  cstartup_M.o [5]
  .rodata            const    0x08001c70     0x8  system_stm32f3xx.o [1]
  .text              ro code  0x08001c78     0x4  startup_stm32f303xc.o [1]
  .text              ro code  0x08001c7c     0x4  startup_stm32f303xc.o [1]
  .text              ro code  0x08001c80     0x4  startup_stm32f303xc.o [1]
  .text              ro code  0x08001c84     0x4  startup_stm32f303xc.o [1]
  .text              ro code  0x08001c88     0x4  startup_stm32f303xc.o [1]
  .text              ro code  0x08001c8c     0x4  startup_stm32f303xc.o [1]
  .text              ro code  0x08001c90     0x4  startup_stm32f303xc.o [1]
  .text              ro code  0x08001c94     0x4  startup_stm32f303xc.o [1]
  .text              ro code  0x08001c98     0x4  startup_stm32f303xc.o [1]
  .text              ro code  0x08001c9c     0x4  startup_stm32f303xc.o [1]
  .text              ro code  0x08001ca0     0x4  startup_stm32f303xc.o [1]
  .text              ro code  0x08001ca4     0x4  startup_stm32f303xc.o [1]
  .text              ro code  0x08001ca8     0x4  startup_stm32f303xc.o [1]
  .text              ro code  0x08001cac     0x4  startup_stm32f303xc.o [1]
  .text              ro code  0x08001cb0     0x4  startup_stm32f303xc.o [1]
  .text              ro code  0x08001cb4     0x4  startup_stm32f303xc.o [1]
  .text              ro code  0x08001cb8     0x4  startup_stm32f303xc.o [1]
  .text              ro code  0x08001cbc     0x4  startup_stm32f303xc.o [1]
  .text              ro code  0x08001cc0     0x4  startup_stm32f303xc.o [1]
  .text              ro code  0x08001cc4     0x4  startup_stm32f303xc.o [1]
  .text              ro code  0x08001cc8     0x4  startup_stm32f303xc.o [1]
  .text              ro code  0x08001ccc     0x4  startup_stm32f303xc.o [1]
  .text              ro code  0x08001cd0     0x4  startup_stm32f303xc.o [1]
  .text              ro code  0x08001cd4     0x4  startup_stm32f303xc.o [1]
  .text              ro code  0x08001cd8     0x4  startup_stm32f303xc.o [1]
  .text              ro code  0x08001cdc     0x4  startup_stm32f303xc.o [1]
  .text              ro code  0x08001ce0     0x4  startup_stm32f303xc.o [1]
  .text              ro code  0x08001ce4     0x4  startup_stm32f303xc.o [1]
  .text              ro code  0x08001ce8     0x4  startup_stm32f303xc.o [1]
  .text              ro code  0x08001cec     0x4  startup_stm32f303xc.o [1]
  .text              ro code  0x08001cf0     0x4  startup_stm32f303xc.o [1]
  .text              ro code  0x08001cf4     0x4  startup_stm32f303xc.o [1]
  .text              ro code  0x08001cf8     0x4  startup_stm32f303xc.o [1]
  .text              ro code  0x08001cfc     0x4  startup_stm32f303xc.o [1]
  .text              ro code  0x08001d00     0x4  startup_stm32f303xc.o [1]
  .text              ro code  0x08001d04     0x4  startup_stm32f303xc.o [1]
  .text              ro code  0x08001d08     0x4  startup_stm32f303xc.o [1]
  .text              ro code  0x08001d0c     0x4  startup_stm32f303xc.o [1]
  .text              ro code  0x08001d10     0x4  startup_stm32f303xc.o [1]
  .text              ro code  0x08001d14     0x4  startup_stm32f303xc.o [1]
  .text              ro code  0x08001d18     0x4  startup_stm32f303xc.o [1]
  .text              ro code  0x08001d1c     0x4  startup_stm32f303xc.o [1]
  .text              ro code  0x08001d20     0x4  startup_stm32f303xc.o [1]
  .text              ro code  0x08001d24     0x4  startup_stm32f303xc.o [1]
  .text              ro code  0x08001d28     0x4  startup_stm32f303xc.o [1]
  .text              ro code  0x08001d2c     0x4  startup_stm32f303xc.o [1]
  .text              ro code  0x08001d30     0x4  startup_stm32f303xc.o [1]
  .text              ro code  0x08001d34     0x4  startup_stm32f303xc.o [1]
  .text              ro code  0x08001d38     0x4  startup_stm32f303xc.o [1]
  .text              ro code  0x08001d3c     0x4  startup_stm32f303xc.o [1]
  .text              ro code  0x08001d40     0x4  startup_stm32f303xc.o [1]
  .text              ro code  0x08001d44     0x4  startup_stm32f303xc.o [1]
  .text              ro code  0x08001d48     0x4  startup_stm32f303xc.o [1]
  .text              ro code  0x08001d4c     0x4  startup_stm32f303xc.o [1]
  .text              ro code  0x08001d50     0x4  startup_stm32f303xc.o [1]
  .text              ro code  0x08001d54     0x4  startup_stm32f303xc.o [1]
  .text              ro code  0x08001d58     0x4  startup_stm32f303xc.o [1]
  .text              ro code  0x08001d5c     0x4  startup_stm32f303xc.o [1]
  .text              ro code  0x08001d60     0x4  startup_stm32f303xc.o [1]
  .text              ro code  0x08001d64     0x4  startup_stm32f303xc.o [1]
  .text              ro code  0x08001d68     0x4  startup_stm32f303xc.o [1]
  .text              ro code  0x08001d6c     0x4  startup_stm32f303xc.o [1]
  .text              ro code  0x08001d70     0x4  startup_stm32f303xc.o [1]
  .text              ro code  0x08001d74     0x4  startup_stm32f303xc.o [1]
  .text              ro code  0x08001d78     0x4  startup_stm32f303xc.o [1]
  .text              ro code  0x08001d7c     0x4  startup_stm32f303xc.o [1]
  .text              ro code  0x08001d80     0x4  startup_stm32f303xc.o [1]
  .text              ro code  0x08001d84     0x4  startup_stm32f303xc.o [1]
  .text              ro code  0x08001d88     0x4  startup_stm32f303xc.o [1]
  .text              ro code  0x08001d8c     0x4  startup_stm32f303xc.o [1]
  .text              ro code  0x08001d90     0x4  startup_stm32f303xc.o [1]
  .rodata            const    0x08001d94     0x0  zero_init3.o [5]
  .rodata            const    0x08001d94     0x0  copy_init3.o [5]
                            - 0x08001d94  0x1c0c

"P2", part 1 of 3:                          0x10
  P2-1                        0x20000000    0x10  <Init block>
    .data            inited   0x20000000     0xc  port.o [1]
    .data            inited   0x2000000c     0x4  system_stm32f3xx.o [1]
                            - 0x20000010    0x10

"P2", part 2 of 3:                        0x2998
  .bss               zero     0x20000010  0x2818  heap_4.o [1]
  .bss               zero     0x20002828    0xa0  tasks.o [1]
  .bss               zero     0x200028c8    0x8c  tasks.o [1]
  .bss               zero     0x20002954    0x40  stm32f3xx_hal_timebase_TIM.o [1]
  .bss               zero     0x20002994    0x10  freertos.o [1]
  .bss               zero     0x200029a4     0x4  stm32f3xx_hal.o [1]
                            - 0x200029a8  0x2998

"P2", part 3 of 3:                         0x400
  CSTACK                      0x200029a8   0x400  <Block>
    CSTACK           uninit   0x200029a8   0x400  <Block tail>
                            - 0x20002da8   0x400


*******************************************************************************
*** INIT TABLE
***

          Address     Size
          -------     ----
Zero (__iar_zero_init3)
    1 destination range, total size 0x2998:
          0x20000010  0x2998

Copy (__iar_copy_init3)
    1 source range, total size 0x10:
          0x08001c54    0x10
    1 destination range, total size 0x10:
          0x20000000    0x10



*******************************************************************************
*** MODULE SUMMARY
***

    Module                        ro code  ro data  rw data
    ------                        -------  -------  -------
C:\Users\Ag\Documents\GitHub\Thermometer-on-STM32F3-Discovery\EWARM\LabbRTOS\Obj: [1]
    cmsis_os.o                        102
    freertos.o                        276       36       16
    gpio.o                            276
    heap_4.o                          436            10 264
    list.o                            142
    main.o                            156
    port.o                            416       12       12
    portasm.o                         168
    startup_stm32f303xc.o             692
    stm32f3xx_hal.o                    64                 4
    stm32f3xx_hal_cortex.o            224
    stm32f3xx_hal_gpio.o              468
    stm32f3xx_hal_msp.o               120
    stm32f3xx_hal_rcc.o             1 284
    stm32f3xx_hal_tim.o               630
    stm32f3xx_hal_tim_ex.o              6
    stm32f3xx_hal_timebase_TIM.o      120                64
    stm32f3xx_it.o                     16
    system_stm32f3xx.o                124       12        4
    tasks.o                         1 344               300
    -------------------------------------------------------
    Total:                          7 064       60   10 664

command line: [2]
    -------------------------------------------------------
    Total:

dl7M_tlf.a: [3]
    exit.o                              4
    low_level_init.o                    4
    -------------------------------------------------------
    Total:                              8

m7M_tls.a: [4]
    fpinit_M.o                         34
    -------------------------------------------------------
    Total:                             34

rt7M_tl.a: [5]
    ABImemcpy.o                       134
    cexit.o                            10
    cmain.o                            30
    copy_init3.o                       44
    cstartup_M.o                       12
    data_init.o                        40
    zero_init3.o                       64
    -------------------------------------------------------
    Total:                            334

shb_l.a: [6]
    exit.o                             20
    -------------------------------------------------------
    Total:                             20

    Gaps                               14        2
    Linker created                              36    1 024
-----------------------------------------------------------
    Grand Total:                    7 474       98   11 688


*******************************************************************************
*** ENTRY LIST
***

Entry                      Address    Size  Type      Object
-----                      -------    ----  ----      ------
.iar.init_table$$Base   0x08001bc8           --   Gb  - Linker created -
.iar.init_table$$Limit  0x08001bec           --   Gb  - Linker created -
?main                   0x08001bed          Code  Gb  cmain.o [5]
AHBPrescTable           0x08001adc    0x10  Data  Gb  system_stm32f3xx.o [1]
APBPrescTable           0x08001c70     0x8  Data  Gb  system_stm32f3xx.o [1]
Blink1Handle            0x20002998     0x4  Data  Gb  freertos.o [1]
Blink2Handle            0x2000299c     0x4  Data  Gb  freertos.o [1]
CSTACK$$Base            0x200029a8           --   Gb  - Linker created -
CSTACK$$Limit           0x20002da8           --   Gb  - Linker created -
HAL_GPIO_Init           0x08001815   0x1a0  Code  Gb  stm32f3xx_hal_gpio.o [1]
HAL_GPIO_TogglePin      0x080019c3     0x8  Code  Gb  stm32f3xx_hal_gpio.o [1]
HAL_GPIO_WritePin       0x080019b5     0xe  Code  Gb  stm32f3xx_hal_gpio.o [1]
HAL_GetTick             0x08001059     0xc  Code  Wk  stm32f3xx_hal.o [1]
HAL_IncTick             0x0800178d    0x10  Code  Wk  stm32f3xx_hal.o [1]
HAL_Init                0x080014d9    0x20  Code  Gb  stm32f3xx_hal.o [1]
HAL_InitTick            0x08001065    0x66  Code  Gb  stm32f3xx_hal_timebase_TIM.o [1]
HAL_MspInit             0x0800179d    0x78  Code  Gb  stm32f3xx_hal_msp.o [1]
HAL_NVIC_EnableIRQ      0x0800114f     0xa  Code  Gb  stm32f3xx_hal_cortex.o [1]
HAL_NVIC_SetPriority    0x08001115    0x3a  Code  Gb  stm32f3xx_hal_cortex.o [1]
HAL_NVIC_SetPriorityGrouping
                        0x080010fb    0x1a  Code  Gb  stm32f3xx_hal_cortex.o [1]
HAL_RCC_ClockConfig     0x08000e53   0x110  Code  Gb  stm32f3xx_hal_rcc.o [1]
HAL_RCC_GetClockConfig  0x08000fd5    0x36  Code  Gb  stm32f3xx_hal_rcc.o [1]
HAL_RCC_GetHCLKFreq     0x08000fbb     0x6  Code  Gb  stm32f3xx_hal_rcc.o [1]
HAL_RCC_GetPCLK2Freq    0x08000fc1     0xe  Code  Gb  stm32f3xx_hal_rcc.o [1]
HAL_RCC_GetSysClockFreq
                        0x08000f81    0x3a  Code  Gb  stm32f3xx_hal_rcc.o [1]
HAL_RCC_OscConfig       0x08000b55   0x2d8  Code  Gb  stm32f3xx_hal_rcc.o [1]
HAL_SYSTICK_CLKSourceConfig
                        0x0800118b    0x1a  Code  Gb  stm32f3xx_hal_cortex.o [1]
HAL_SYSTICK_Config      0x08001163    0x28  Code  Gb  stm32f3xx_hal_cortex.o [1]
HAL_TIMEx_Break2Callback
                        0x080014cf     0x2  Code  Wk  stm32f3xx_hal_tim_ex.o [1]
HAL_TIMEx_BreakCallback
                        0x080014cd     0x2  Code  Wk  stm32f3xx_hal_tim_ex.o [1]
HAL_TIMEx_CommutationCallback
                        0x080014d3     0x2  Code  Wk  stm32f3xx_hal_tim_ex.o [1]
HAL_TIM_Base_Init       0x080011bd    0x1a  Code  Gb  stm32f3xx_hal_tim.o [1]
HAL_TIM_Base_Start_IT   0x080011d7    0x16  Code  Gb  stm32f3xx_hal_tim.o [1]
HAL_TIM_IRQHandler      0x08001211   0x15c  Code  Gb  stm32f3xx_hal_tim.o [1]
HAL_TIM_PeriodElapsedCallback
                        0x080014bb     0xe  Code  Gb  main.o [1]
MX_FREERTOS_Init        0x08001611    0x62  Code  Gb  freertos.o [1]
MX_GPIO_Init            0x080014fd    0xf8  Code  Gb  gpio.o [1]
NVIC_SetPriority        0x080010dd    0x1e  Code  Lc  stm32f3xx_hal_cortex.o [1]
PendSV_Handler          0x08000aad          Code  Gb  portasm.o [1]
Region$$Table$$Base     0x08001bc8           --   Gb  - Linker created -
Region$$Table$$Limit    0x08001bec           --   Gb  - Linker created -
SVC_Handler             0x08000b05          Code  Gb  portasm.o [1]
StartDefaultTask        0x08001673     0xa  Code  Gb  freertos.o [1]
StartTrigger            0x080016b5    0x18  Code  Gb  freertos.o [1]
SysTick_Handler         0x08001c45     0x4  Code  Gb  stm32f3xx_it.o [1]
SystemClock_Config      0x08001449    0x72  Code  Gb  main.o [1]
SystemCoreClock         0x2000000c     0x4  Data  Gb  system_stm32f3xx.o [1]
SystemInit              0x08001a71    0x52  Code  Gb  system_stm32f3xx.o [1]
TIM1_UP_TIM16_IRQHandler
                        0x08001c49     0x6  Code  Gb  stm32f3xx_it.o [1]
TIM_Base_SetConfig      0x08001373    0x96  Code  Gb  stm32f3xx_hal_tim.o [1]
TriggerHandle           0x200029a0     0x4  Data  Gb  freertos.o [1]
__aeabi_memcpy4         0x080019e9          Code  Gb  ABImemcpy.o [5]
__aeabi_memcpy8         0x080019e9          Code  Gb  ABImemcpy.o [5]
__cmain                 0x08001bed          Code  Gb  cmain.o [5]
__exit                  0x08001c21    0x14  Code  Gb  exit.o [6]
__iar_copy_init3        0x08001b2d    0x2c  Code  Gb  copy_init3.o [5]
__iar_data_init3        0x08001b59    0x28  Code  Gb  data_init.o [5]
__iar_init_vfp          0x08001ba5          Code  Gb  fpinit_M.o [4]
__iar_program_start     0x08001c65          Code  Gb  cstartup_M.o [5]
__iar_systems$$module {Abs}
                        0x00000001          Data  Gb  command line/config [2]
__iar_zero_init3        0x08001aed    0x40  Code  Gb  zero_init3.o [5]
__low_level_init        0x08001c0b     0x4  Code  Gb  low_level_init.o [3]
__vector_table          0x08000000          Data  Gb  startup_stm32f303xc.o [1]
_call_main              0x08001bf9          Code  Gb  cmain.o [5]
_exit                   0x08001c15          Code  Gb  cexit.o [5]
_main                   0x08001c07          Code  Gb  cmain.o [5]
aPLLMULFactorTable      0x08001038    0x10  Data  Gb  stm32f3xx_hal_rcc.o [1]
aPredivFactorTable      0x08001048    0x10  Data  Gb  stm32f3xx_hal_rcc.o [1]
defaultTaskHandle       0x20002994     0x4  Data  Gb  freertos.o [1]
exit                    0x08001c0f     0x4  Code  Gb  exit.o [3]
htim1                   0x20002954    0x40  Data  Gb  stm32f3xx_hal_timebase_TIM.o [1]
main                    0x08001431    0x18  Code  Gb  main.o [1]
makeFreeRtosPriority    0x08001725     0xc  Code  Lc  cmsis_os.o [1]
osDelay                 0x08001769     0xe  Code  Gb  cmsis_os.o [1]
osKernelStart           0x08001731     0xa  Code  Gb  cmsis_os.o [1]
osSystickHandler        0x08001777    0x14  Code  Gb  cmsis_os.o [1]
osThreadCreate          0x0800173b    0x2e  Code  Gb  cmsis_os.o [1]
prvAddCurrentTaskToDelayedList
                        0x0800064d    0x64  Code  Lc  tasks.o [1]
prvAddNewTaskToReadyList
                        0x08000259    0xa6  Code  Lc  tasks.o [1]
prvDeleteTCB            0x080005b5    0x14  Code  Lc  tasks.o [1]
prvIdleTask             0x0800054d    0x62  Code  Lc  tasks.o [1]
prvInitialiseNewTask    0x080001e1    0x78  Code  Lc  tasks.o [1]
prvInsertBlockIntoFreeList
                        0x0800082f    0x46  Code  Lc  heap_4.o [1]
prvResetNextTaskUnblockTime
                        0x080005c9    0x1e  Code  Lc  tasks.o [1]
prvTaskExitError        0x08000935    0x28  Code  Lc  port.o [1]
pvPortMalloc            0x080006c9   0x104  Code  Gb  heap_4.o [1]
pxCurrentTCB            0x20002850     0x4  Data  Gb  tasks.o [1]
pxDelayedTaskList       0x20002854     0x4  Data  Lc  tasks.o [1]
pxEnd                   0x20000018     0x4  Data  Lc  heap_4.o [1]
pxOverflowDelayedTaskList
                        0x20002858     0x4  Data  Lc  tasks.o [1]
pxPortInitialiseStack   0x0800090d    0x26  Code  Gb  port.o [1]
pxReadyTasksLists       0x200028c8    0x8c  Data  Lc  tasks.o [1]
startBlink1             0x0800167d    0x1c  Code  Gb  freertos.o [1]
startBlink2             0x08001699    0x1c  Code  Gb  freertos.o [1]
ucHeap                  0x20000028  0x2800  Data  Lc  heap_4.o [1]
ucMaxSysCallPriority    0x20000000     0x1  Data  Lc  port.o [1]
ulMaxPRIGROUPValue      0x20000008     0x4  Data  Lc  port.o [1]
uwTick                  0x200029a4     0x4  Data  Gb  stm32f3xx_hal.o [1]
uxCriticalNesting       0x20000004     0x4  Data  Lc  port.o [1]
uxCurrentNumberOfTasks  0x20002874     0x4  Data  Lc  tasks.o [1]
uxDeletedTasksWaitingCleanUp
                        0x2000285c     0x4  Data  Lc  tasks.o [1]
uxListRemove            0x080008e7    0x24  Code  Gb  list.o [1]
uxPendedTicks           0x20002884     0x4  Data  Lc  tasks.o [1]
uxSchedulerSuspended    0x20002898     0x4  Data  Lc  tasks.o [1]
uxTaskNumber            0x20002890     0x4  Data  Lc  tasks.o [1]
uxTopReadyPriority      0x2000287c     0x4  Data  Lc  tasks.o [1]
vListInitialise         0x0800087d    0x1a  Code  Gb  list.o [1]
vListInitialiseItem     0x08000897     0x6  Code  Gb  list.o [1]
vListInsert             0x080008b5    0x32  Code  Gb  list.o [1]
vListInsertEnd          0x0800089d    0x18  Code  Gb  list.o [1]
vPortEnableVFP          0x08000b39          Code  Gb  portasm.o [1]
vPortEnterCritical      0x080009f7    0x32  Code  Gb  port.o [1]
vPortExitCritical       0x08000a29    0x22  Code  Gb  port.o [1]
vPortFree               0x080007db    0x46  Code  Gb  heap_4.o [1]
vPortStartFirstTask     0x08000b21          Code  Gb  portasm.o [1]
vTaskDelay              0x080002ff    0x2e  Code  Gb  tasks.o [1]
vTaskStartScheduler     0x08000333    0x54  Code  Gb  tasks.o [1]
vTaskSuspendAll         0x08000387     0xc  Code  Gb  tasks.o [1]
vTaskSwitchContext      0x080004f5    0x56  Code  Gb  tasks.o [1]
xBlockAllocatedBit      0x20000024     0x4  Data  Lc  heap_4.o [1]
xDelayedTaskList1       0x2000289c    0x14  Data  Lc  tasks.o [1]
xDelayedTaskList2       0x200028b0    0x14  Data  Lc  tasks.o [1]
xFreeBytesRemaining     0x2000001c     0x4  Data  Lc  heap_4.o [1]
xIdleTaskHandle         0x200028c4     0x4  Data  Lc  tasks.o [1]
xMinimumEverFreeBytesRemaining
                        0x20000020     0x4  Data  Lc  heap_4.o [1]
xNextTaskUnblockTime    0x20002894     0x4  Data  Lc  tasks.o [1]
xNumOfOverflows         0x2000288c     0x4  Data  Lc  tasks.o [1]
xPendingReadyList       0x20002828    0x14  Data  Lc  tasks.o [1]
xPortStartScheduler     0x0800095d    0x88  Code  Gb  port.o [1]
xPortSysTickHandler     0x08000a4b    0x26  Code  Gb  port.o [1]
xSchedulerRunning       0x20002880     0x4  Data  Lc  tasks.o [1]
xStart                  0x20000010     0x8  Data  Lc  heap_4.o [1]
xSuspendedTaskList      0x20002860    0x14  Data  Lc  tasks.o [1]
xTaskCreate             0x08000189    0x58  Code  Gb  tasks.o [1]
xTaskGetSchedulerState  0x080005e7    0x18  Code  Gb  tasks.o [1]
xTaskIncrementTick      0x08000437    0xbe  Code  Gb  tasks.o [1]
xTaskResumeAll          0x08000393    0x9c  Code  Gb  tasks.o [1]
xTasksWaitingTermination
                        0x2000283c    0x14  Data  Lc  tasks.o [1]
xTickCount              0x20002878     0x4  Data  Lc  tasks.o [1]
xYieldPending           0x20002888     0x4  Data  Lc  tasks.o [1]


[1] = C:\Users\Ag\Documents\GitHub\Thermometer-on-STM32F3-Discovery\EWARM\LabbRTOS\Obj
[2] = command line
[3] = dl7M_tlf.a
[4] = m7M_tls.a
[5] = rt7M_tl.a
[6] = shb_l.a

   7 474 bytes of readonly  code memory
      98 bytes of readonly  data memory
  11 688 bytes of readwrite data memory

Errors: none
Warnings: none
